Archive member included to satisfy reference by file (symbol)

C:/ST/STM32CubeIDE_1.10.1/STM32CubeIDE/plugins/com.st.stm32cube.ide.mcu.externaltools.gnu-tools-for-stm32.11.3.rel1.win32_1.1.1.202309131626/tools/bin/../lib/gcc/arm-none-eabi/11.3.1/../../../../arm-none-eabi/lib/thumb/v7e-m+fp/hard\libc_nano.a(libc_a-exit.o)
                              C:/ST/STM32CubeIDE_1.10.1/STM32CubeIDE/plugins/com.st.stm32cube.ide.mcu.externaltools.gnu-tools-for-stm32.11.3.rel1.win32_1.1.1.202309131626/tools/bin/../lib/gcc/arm-none-eabi/11.3.1/../../../../arm-none-eabi/lib/thumb/v7e-m+fp/hard/crt0.o (exit)
C:/ST/STM32CubeIDE_1.10.1/STM32CubeIDE/plugins/com.st.stm32cube.ide.mcu.externaltools.gnu-tools-for-stm32.11.3.rel1.win32_1.1.1.202309131626/tools/bin/../lib/gcc/arm-none-eabi/11.3.1/../../../../arm-none-eabi/lib/thumb/v7e-m+fp/hard\libc_nano.a(libc_a-findfp.o)
                              C:/ST/STM32CubeIDE_1.10.1/STM32CubeIDE/plugins/com.st.stm32cube.ide.mcu.externaltools.gnu-tools-for-stm32.11.3.rel1.win32_1.1.1.202309131626/tools/bin/../lib/gcc/arm-none-eabi/11.3.1/../../../../arm-none-eabi/lib/thumb/v7e-m+fp/hard\libc_nano.a(libc_a-exit.o) (__stdio_exit_handler)
C:/ST/STM32CubeIDE_1.10.1/STM32CubeIDE/plugins/com.st.stm32cube.ide.mcu.externaltools.gnu-tools-for-stm32.11.3.rel1.win32_1.1.1.202309131626/tools/bin/../lib/gcc/arm-none-eabi/11.3.1/../../../../arm-none-eabi/lib/thumb/v7e-m+fp/hard\libc_nano.a(libc_a-fwalk.o)
                              C:/ST/STM32CubeIDE_1.10.1/STM32CubeIDE/plugins/com.st.stm32cube.ide.mcu.externaltools.gnu-tools-for-stm32.11.3.rel1.win32_1.1.1.202309131626/tools/bin/../lib/gcc/arm-none-eabi/11.3.1/../../../../arm-none-eabi/lib/thumb/v7e-m+fp/hard\libc_nano.a(libc_a-findfp.o) (_fwalk_sglue)
C:/ST/STM32CubeIDE_1.10.1/STM32CubeIDE/plugins/com.st.stm32cube.ide.mcu.externaltools.gnu-tools-for-stm32.11.3.rel1.win32_1.1.1.202309131626/tools/bin/../lib/gcc/arm-none-eabi/11.3.1/../../../../arm-none-eabi/lib/thumb/v7e-m+fp/hard\libc_nano.a(libc_a-printf.o)
                              ./Core/Src/i2c.o (printf)
C:/ST/STM32CubeIDE_1.10.1/STM32CubeIDE/plugins/com.st.stm32cube.ide.mcu.externaltools.gnu-tools-for-stm32.11.3.rel1.win32_1.1.1.202309131626/tools/bin/../lib/gcc/arm-none-eabi/11.3.1/../../../../arm-none-eabi/lib/thumb/v7e-m+fp/hard\libc_nano.a(libc_a-puts.o)
                              ./Core/Src/i2c.o (puts)
C:/ST/STM32CubeIDE_1.10.1/STM32CubeIDE/plugins/com.st.stm32cube.ide.mcu.externaltools.gnu-tools-for-stm32.11.3.rel1.win32_1.1.1.202309131626/tools/bin/../lib/gcc/arm-none-eabi/11.3.1/../../../../arm-none-eabi/lib/thumb/v7e-m+fp/hard\libc_nano.a(libc_a-sprintf.o)
                              ./Drivers/TOF/platform/src/TOF_driver.o (sprintf)
C:/ST/STM32CubeIDE_1.10.1/STM32CubeIDE/plugins/com.st.stm32cube.ide.mcu.externaltools.gnu-tools-for-stm32.11.3.rel1.win32_1.1.1.202309131626/tools/bin/../lib/gcc/arm-none-eabi/11.3.1/../../../../arm-none-eabi/lib/thumb/v7e-m+fp/hard\libc_nano.a(libc_a-stdio.o)
                              C:/ST/STM32CubeIDE_1.10.1/STM32CubeIDE/plugins/com.st.stm32cube.ide.mcu.externaltools.gnu-tools-for-stm32.11.3.rel1.win32_1.1.1.202309131626/tools/bin/../lib/gcc/arm-none-eabi/11.3.1/../../../../arm-none-eabi/lib/thumb/v7e-m+fp/hard\libc_nano.a(libc_a-findfp.o) (__sread)
C:/ST/STM32CubeIDE_1.10.1/STM32CubeIDE/plugins/com.st.stm32cube.ide.mcu.externaltools.gnu-tools-for-stm32.11.3.rel1.win32_1.1.1.202309131626/tools/bin/../lib/gcc/arm-none-eabi/11.3.1/../../../../arm-none-eabi/lib/thumb/v7e-m+fp/hard\libc_nano.a(libc_a-vsnprintf.o)
                              ./Drivers/Bluetooth/Src/bluefruit_plotter.o (vsnprintf)
C:/ST/STM32CubeIDE_1.10.1/STM32CubeIDE/plugins/com.st.stm32cube.ide.mcu.externaltools.gnu-tools-for-stm32.11.3.rel1.win32_1.1.1.202309131626/tools/bin/../lib/gcc/arm-none-eabi/11.3.1/../../../../arm-none-eabi/lib/thumb/v7e-m+fp/hard\libc_nano.a(libc_a-wbuf.o)
                              C:/ST/STM32CubeIDE_1.10.1/STM32CubeIDE/plugins/com.st.stm32cube.ide.mcu.externaltools.gnu-tools-for-stm32.11.3.rel1.win32_1.1.1.202309131626/tools/bin/../lib/gcc/arm-none-eabi/11.3.1/../../../../arm-none-eabi/lib/thumb/v7e-m+fp/hard\libc_nano.a(libc_a-puts.o) (__swbuf_r)
C:/ST/STM32CubeIDE_1.10.1/STM32CubeIDE/plugins/com.st.stm32cube.ide.mcu.externaltools.gnu-tools-for-stm32.11.3.rel1.win32_1.1.1.202309131626/tools/bin/../lib/gcc/arm-none-eabi/11.3.1/../../../../arm-none-eabi/lib/thumb/v7e-m+fp/hard\libc_nano.a(libc_a-wsetup.o)
                              C:/ST/STM32CubeIDE_1.10.1/STM32CubeIDE/plugins/com.st.stm32cube.ide.mcu.externaltools.gnu-tools-for-stm32.11.3.rel1.win32_1.1.1.202309131626/tools/bin/../lib/gcc/arm-none-eabi/11.3.1/../../../../arm-none-eabi/lib/thumb/v7e-m+fp/hard\libc_nano.a(libc_a-puts.o) (__swsetup_r)
[...]
Memory Configuration

Name             Origin             Length             Attributes
RAM              0x0000000020000000 0x0000000000018000 xrw
FLASH            0x0000000008000000 0x0000000000080000 xr
*default*        0x0000000000000000 0xffffffffffffffff

Linker script and memory map

LOAD C:/ST/STM32CubeIDE_1.10.1/STM32CubeIDE/plugins/com.st.stm32cube.ide.mcu.externaltools.gnu-tools-for-stm32.11.3.rel1.win32_1.1.1.202309131626/tools/bin/../lib/gcc/arm-none-eabi/11.3.1/thumb/v7e-m+fp/hard/crti.o
LOAD C:/ST/STM32CubeIDE_1.10.1/STM32CubeIDE/plugins/com.st.stm32cube.ide.mcu.externaltools.gnu-tools-for-stm32.11.3.rel1.win32_1.1.1.202309131626/tools/bin/../lib/gcc/arm-none-eabi/11.3.1/thumb/v7e-m+fp/hard/crtbegin.o
LOAD C:/ST/STM32CubeIDE_1.10.1/STM32CubeIDE/plugins/com.st.stm32cube.ide.mcu.externaltools.gnu-tools-for-stm32.11.3.rel1.win32_1.1.1.202309131626/tools/bin/../lib/gcc/arm-none-eabi/11.3.1/../../../../arm-none-eabi/lib/thumb/v7e-m+fp/hard/crt0.o
LOAD ./Core/Src/i2c.o
LOAD ./Core/Src/main.o
LOAD ./Core/Src/stm32f4xx_hal_msp.o
LOAD ./Core/Src/stm32f4xx_it.o
LOAD ./Core/Src/syscalls.o
LOAD ./Core/Src/sysmem.o
LOAD ./Core/Src/system_stm32f4xx.o
LOAD ./Core/Startup/startup_stm32f401retx.o
LOAD ./Drivers/Bluetooth/Src/bluefruit_controller.o
LOAD ./Drivers/Bluetooth/Src/bluefruit_plotter.o
LOAD ./Drivers/Bluetooth/Src/debugging.o
LOAD ./Drivers/Display/Src/bitmap.o
LOAD ./Drivers/Display/Src/fonts.o
LOAD ./Drivers/Display/Src/ssd1306.o
LOAD ./Drivers/IO_Expander/src/ioExpander.o
LOAD ./Drivers/Motor/Src/motorDriver.o
LOAD ./Drivers/STM32F4xx_HAL_Driver/Src/stm32f4xx_hal.o
LOAD ./Drivers/STM32F4xx_HAL_Driver/Src/stm32f4xx_hal_cortex.o
LOAD ./Drivers/STM32F4xx_HAL_Driver/Src/stm32f4xx_hal_dma.o
LOAD ./Drivers/STM32F4xx_HAL_Driver/Src/stm32f4xx_hal_dma_ex.o
LOAD ./Drivers/STM32F4xx_HAL_Driver/Src/stm32f4xx_hal_exti.o
LOAD ./Drivers/STM32F4xx_HAL_Driver/Src/stm32f4xx_hal_flash.o
LOAD ./Drivers/STM32F4xx_HAL_Driver/Src/stm32f4xx_hal_flash_ex.o
LOAD ./Drivers/STM32F4xx_HAL_Driver/Src/stm32f4xx_hal_flash_ramfunc.o
LOAD ./Drivers/STM32F4xx_HAL_Driver/Src/stm32f4xx_hal_gpio.o
LOAD ./Drivers/STM32F4xx_HAL_Driver/Src/stm32f4xx_hal_i2c.o
LOAD ./Drivers/STM32F4xx_HAL_Driver/Src/stm32f4xx_hal_i2c_ex.o
LOAD ./Drivers/STM32F4xx_HAL_Driver/Src/stm32f4xx_hal_pwr.o
LOAD ./Drivers/STM32F4xx_HAL_Driver/Src/stm32f4xx_hal_pwr_ex.o
LOAD ./Drivers/STM32F4xx_HAL_Driver/Src/stm32f4xx_hal_rcc.o
LOAD ./Drivers/STM32F4xx_HAL_Driver/Src/stm32f4xx_hal_rcc_ex.o
LOAD ./Drivers/STM32F4xx_HAL_Driver/Src/stm32f4xx_hal_tim.o
LOAD ./Drivers/STM32F4xx_HAL_Driver/Src/stm32f4xx_hal_tim_ex.o
LOAD ./Drivers/STM32F4xx_HAL_Driver/Src/stm32f4xx_hal_uart.o
LOAD ./Drivers/TOF/core/src/vl53lx_api.o
LOAD ./Drivers/TOF/core/src/vl53lx_api_calibration.o
LOAD ./Drivers/TOF/core/src/vl53lx_api_core.o
LOAD ./Drivers/TOF/core/src/vl53lx_api_debug.o
LOAD ./Drivers/TOF/core/src/vl53lx_api_preset_modes.o
LOAD ./Drivers/TOF/core/src/vl53lx_core.o
LOAD ./Drivers/TOF/core/src/vl53lx_core_support.o
LOAD ./Drivers/TOF/core/src/vl53lx_dmax.o
LOAD ./Drivers/TOF/core/src/vl53lx_hist_algos_gen3.o
LOAD ./Drivers/TOF/core/src/vl53lx_hist_algos_gen4.o
LOAD ./Drivers/TOF/core/src/vl53lx_hist_char.o
LOAD ./Drivers/TOF/core/src/vl53lx_hist_core.o
LOAD ./Drivers/TOF/core/src/vl53lx_hist_funcs.o
LOAD ./Drivers/TOF/core/src/vl53lx_nvm.o
LOAD ./Drivers/TOF/core/src/vl53lx_nvm_debug.o
LOAD ./Drivers/TOF/core/src/vl53lx_register_funcs.o
LOAD ./Drivers/TOF/core/src/vl53lx_sigma_estimate.o
LOAD ./Drivers/TOF/core/src/vl53lx_silicon_core.o
LOAD ./Drivers/TOF/core/src/vl53lx_wait.o
LOAD ./Drivers/TOF/core/src/vl53lx_xtalk.o
LOAD ./Drivers/TOF/platform/src/TOF_driver.o
LOAD ./Drivers/TOF/platform/src/vl53lx_platform.o
LOAD ./Drivers/TOF/platform/src/vl53lx_platform_init.o
LOAD ./Drivers/TOF/platform/src/vl53lx_platform_ipp.o
LOAD ./Drivers/TOF/platform/src/vl53lx_platform_log.o
START GROUP
LOAD C:/ST/STM32CubeIDE_1.10.1/STM32CubeIDE/plugins/com.st.stm32cube.ide.mcu.externaltools.gnu-tools-for-stm32.11.3.rel1.win32_1.1.1.202309131626/tools/bin/../lib/gcc/arm-none-eabi/11.3.1/../../../../arm-none-eabi/lib/thumb/v7e-m+fp/hard\libc_nano.a
LOAD C:/ST/STM32CubeIDE_1.10.1/STM32CubeIDE/plugins/com.st.stm32cube.ide.mcu.externaltools.gnu-tools-for-stm32.11.3.rel1.win32_1.1.1.202309131626/tools/bin/../lib/gcc/arm-none-eabi/11.3.1/../../../../arm-none-eabi/lib/thumb/v7e-m+fp/hard\libm.a
END GROUP
START GROUP
LOAD C:/ST/STM32CubeIDE_1.10.1/STM32CubeIDE/plugins/com.st.stm32cube.ide.mcu.externaltools.gnu-tools-for-stm32.11.3.rel1.win32_1.1.1.202309131626/tools/bin/../lib/gcc/arm-none-eabi/11.3.1/thumb/v7e-m+fp/hard\libgcc.a
LOAD C:/ST/STM32CubeIDE_1.10.1/STM32CubeIDE/plugins/com.st.stm32cube.ide.mcu.externaltools.gnu-tools-for-stm32.11.3.rel1.win32_1.1.1.202309131626/tools/bin/../lib/gcc/arm-none-eabi/11.3.1/../../../../arm-none-eabi/lib/thumb/v7e-m+fp/hard\libc_nano.a
END GROUP
START GROUP
LOAD C:/ST/STM32CubeIDE_1.10.1/STM32CubeIDE/plugins/com.st.stm32cube.ide.mcu.externaltools.gnu-tools-for-stm32.11.3.rel1.win32_1.1.1.202309131626/tools/bin/../lib/gcc/arm-none-eabi/11.3.1/thumb/v7e-m+fp/hard\libgcc.a
LOAD C:/ST/STM32CubeIDE_1.10.1/STM32CubeIDE/plugins/com.st.stm32cube.ide.mcu.externaltools.gnu-tools-for-stm32.11.3.rel1.win32_1.1.1.202309131626/tools/bin/../lib/gcc/arm-none-eabi/11.3.1/../../../../arm-none-eabi/lib/thumb/v7e-m+fp/hard\libc_nano.a
LOAD C:/ST/STM32CubeIDE_1.10.1/STM32CubeIDE/plugins/com.st.stm32cube.ide.mcu.externaltools.gnu-tools-for-stm32.11.3.rel1.win32_1.1.1.202309131626/tools/bin/../lib/gcc/arm-none-eabi/11.3.1/../../../../arm-none-eabi/lib/thumb/v7e-m+fp/hard\libnosys.a
END GROUP
START GROUP
LOAD C:/ST/STM32CubeIDE_1.10.1/STM32CubeIDE/plugins/com.st.stm32cube.ide.mcu.externaltools.gnu-tools-for-stm32.11.3.rel1.win32_1.1.1.202309131626/tools/bin/../lib/gcc/arm-none-eabi/11.3.1/thumb/v7e-m+fp/hard\libgcc.a
LOAD C:/ST/STM32CubeIDE_1.10.1/STM32CubeIDE/plugins/com.st.stm32cube.ide.mcu.externaltools.gnu-tools-for-stm32.11.3.rel1.win32_1.1.1.202309131626/tools/bin/../lib/gcc/arm-none-eabi/11.3.1/../../../../arm-none-eabi/lib/thumb/v7e-m+fp/hard\libc_nano.a
LOAD C:/ST/STM32CubeIDE_1.10.1/STM32CubeIDE/plugins/com.st.stm32cube.ide.mcu.externaltools.gnu-tools-for-stm32.11.3.rel1.win32_1.1.1.202309131626/tools/bin/../lib/gcc/arm-none-eabi/11.3.1/../../../../arm-none-eabi/lib/thumb/v7e-m+fp/hard\libnosys.a
END GROUP
LOAD C:/ST/STM32CubeIDE_1.10.1/STM32CubeIDE/plugins/com.st.stm32cube.ide.mcu.externaltools.gnu-tools-for-stm32.11.3.rel1.win32_1.1.1.202309131626/tools/bin/../lib/gcc/arm-none-eabi/11.3.1/thumb/v7e-m+fp/hard/crtend.o
LOAD C:/ST/STM32CubeIDE_1.10.1/STM32CubeIDE/plugins/com.st.stm32cube.ide.mcu.externaltools.gnu-tools-for-stm32.11.3.rel1.win32_1.1.1.202309131626/tools/bin/../lib/gcc/arm-none-eabi/11.3.1/thumb/v7e-m+fp/hard/crtn.o
                0x0000000020018000                _estack = (ORIGIN (RAM) + LENGTH (RAM))
                0x0000000000000200                _Min_Heap_Size = 0x200
                0x0000000000000400                _Min_Stack_Size = 0x400

.isr_vector     0x0000000008000000      0x194
                0x0000000008000000                . = ALIGN (0x4)
 *(.isr_vector)
 .isr_vector    0x0000000008000000      0x194 ./Core/Startup/startup_stm32f401retx.o
                0x0000000008000000                g_pfnVectors
                0x0000000008000194                . = ALIGN (0x4)

.text           0x00000000080001a0    0x18418
                0x00000000080001a0                . = ALIGN (0x4)
 *(.text)
 .text          0x00000000080001a0       0x40 C:/ST/STM32CubeIDE_1.10.1/STM32CubeIDE/plugins/com.st.stm32cube.ide.mcu.externaltools.gnu-tools-for-stm32.11.3.rel1.win32_1.1.1.202309131626/tools/bin/../lib/gcc/arm-none-eabi/11.3.1/thumb/v7e-m+fp/hard/crtbegin.o
 .text          0x00000000080001e0       0x10 C:/ST/STM32CubeIDE_1.10.1/STM32CubeIDE/plugins/com.st.stm32cube.ide.mcu.externaltools.gnu-tools-for-stm32.11.3.rel1.win32_1.1.1.202309131626/tools/bin/../lib/gcc/arm-none-eabi/11.3.1/../../../../arm-none-eabi/lib/thumb/v7e-m+fp/hard\libc_nano.a(libc_a-strlen.o)
                0x00000000080001e0                strlen
 .text          0x00000000080001f0       0xa0 C:/ST/STM32CubeIDE_1.10.1/STM32CubeIDE/plugins/com.st.stm32cube.ide.mcu.externaltools.gnu-tools-for-stm32.11.3.rel1.win32_1.1.1.202309131626/tools/bin/../lib/gcc/arm-none-eabi/11.3.1/../../../../arm-none-eabi/lib/thumb/v7e-m+fp/hard\libc_nano.a(libc_a-memchr.o)
                0x00000000080001f0                memchr
 .text          0x0000000008000290      0x378 C:/ST/STM32CubeIDE_1.10.1/STM32CubeIDE/plugins/com.st.stm32cube.ide.mcu.externaltools.gnu-tools-for-stm32.11.3.rel1.win32_1.1.1.202309131626/tools/bin/../lib/gcc/arm-none-eabi/11.3.1/thumb/v7e-m+fp/hard\libgcc.a(_arm_addsubdf3.o)
                0x0000000008000290                __aeabi_drsub
                0x0000000008000298                __aeabi_dsub
                0x0000000008000298                __subdf3
                0x000000000800029c                __aeabi_dadd
                0x000000000800029c                __adddf3
                0x0000000008000514                __floatunsidf
                0x0000000008000514                __aeabi_ui2d
                0x0000000008000534                __floatsidf
                0x0000000008000534                __aeabi_i2d
                0x0000000008000558                __aeabi_f2d
                0x0000000008000558                __extendsfdf2
                0x000000000800059c                __floatundidf
                0x000000000800059c                __aeabi_ul2d
                0x00000000080005ac                __floatdidf
                0x00000000080005ac                __aeabi_l2d
 .text          0x0000000008000608      0x424 C:/ST/STM32CubeIDE_1.10.1/STM32CubeIDE/plugins/com.st.stm32cube.ide.mcu.externaltools.gnu-tools-for-stm32.11.3.rel1.win32_1.1.1.202309131626/tools/bin/../lib/gcc/arm-none-eabi/11.3.1/thumb/v7e-m+fp/hard\libgcc.a(_arm_muldivdf3.o)
                0x0000000008000608                __aeabi_dmul
                0x0000000008000608                __muldf3
                0x000000000800085c                __divdf3
                0x000000000800085c                __aeabi_ddiv
 .text          0x0000000008000a2c       0xa0 C:/ST/STM32CubeIDE_1.10.1/STM32CubeIDE/plugins/com.st.stm32cube.ide.mcu.externaltools.gnu-tools-for-stm32.11.3.rel1.win32_1.1.1.202309131626/tools/bin/../lib/gcc/arm-none-eabi/11.3.1/thumb/v7e-m+fp/hard\libgcc.a(_aeabi_ldivmod.o)
                0x0000000008000a2c                __aeabi_ldivmod
 .text          0x0000000008000acc       0x30 C:/ST/STM32CubeIDE_1.10.1/STM32CubeIDE/plugins/com.st.stm32cube.ide.mcu.externaltools.gnu-tools-for-stm32.11.3.rel1.win32_1.1.1.202309131626/tools/bin/../lib/gcc/arm-none-eabi/11.3.1/thumb/v7e-m+fp/hard\libgcc.a(_aeabi_uldivmod.o)
                0x0000000008000acc                __aeabi_uldivmod
 .text          0x0000000008000afc      0x2c8 C:/ST/STM32CubeIDE_1.10.1/STM32CubeIDE/plugins/com.st.stm32cube.ide.mcu.externaltools.gnu-tools-for-stm32.11.3.rel1.win32_1.1.1.202309131626/tools/bin/../lib/gcc/arm-none-eabi/11.3.1/thumb/v7e-m+fp/hard\libgcc.a(_udivmoddi4.o)
                0x0000000008000afc                __udivmoddi4
 .text          0x0000000008000dc4        0x4 C:/ST/STM32CubeIDE_1.10.1/STM32CubeIDE/plugins/com.st.stm32cube.ide.mcu.externaltools.gnu-tools-for-stm32.11.3.rel1.win32_1.1.1.202309131626/tools/bin/../lib/gcc/arm-none-eabi/11.3.1/thumb/v7e-m+fp/hard\libgcc.a(_dvmd_tls.o)
                0x0000000008000dc4                __aeabi_idiv0
                0x0000000008000dc4                __aeabi_ldiv0
 *(.text*)
 .text.I2C_Scanner
                0x0000000008000dc8       0x8c ./Core/Src/i2c.o
                0x0000000008000dc8                I2C_Scanner
 .text.HAL_GPIO_EXTI_Callback
                0x0000000008000e54       0x2c ./Core/Src/main.o
                0x0000000008000e54                HAL_GPIO_EXTI_Callback
 .text.handle_buttons
                0x0000000008000e80      0x15c ./Core/Src/main.o
                0x0000000008000e80                handle_buttons
 .text.handle_gyroscope
                0x0000000008000fdc       0x54 ./Core/Src/main.o
                0x0000000008000fdc                handle_gyroscope
 .text.HAL_UARTEx_RxEventCallback
                0x0000000008001030       0x28 ./Core/Src/main.o
                0x0000000008001030                HAL_UARTEx_RxEventCallback
 .text.main     0x0000000008001058      0x308 ./Core/Src/main.o
                0x0000000008001058                main
 .text.SystemClock_Config
                0x0000000008001360       0xd8 ./Core/Src/main.o
                0x0000000008001360                SystemClock_Config
 .text.MX_I2C1_Init
                0x0000000008001438       0x5c ./Core/Src/main.o
 .text.MX_TIM3_Init
                0x0000000008001494       0xf0 ./Core/Src/main.o
 .text.MX_TIM5_Init
                0x0000000008001584       0xec ./Core/Src/main.o
 .text.MX_USART1_UART_Init
                0x0000000008001670       0x54 ./Core/Src/main.o
 .text.MX_USART2_UART_Init
                0x00000000080016c4       0x54 ./Core/Src/main.o
 .text.MX_DMA_Init
                0x0000000008001718       0x40 ./Core/Src/main.o
 .text.MX_GPIO_Init
                0x0000000008001758      0x108 ./Core/Src/main.o
 .text.__io_putchar
                0x0000000008001860       0x24 ./Core/Src/main.o
                0x0000000008001860                __io_putchar
 .text.Error_Handler
                0x0000000008001884        0xa ./Core/Src/main.o
                0x0000000008001884                Error_Handler
 *fill*         0x000000000800188e        0x2 
 .text.HAL_MspInit
                0x0000000008001890       0x50 ./Core/Src/stm32f4xx_hal_msp.o
                0x0000000008001890                HAL_MspInit
 .text.HAL_I2C_MspInit
                0x00000000080018e0       0x90 ./Core/Src/stm32f4xx_hal_msp.o
                0x00000000080018e0                HAL_I2C_MspInit
 .text.HAL_TIM_Base_MspInit
                0x0000000008001970       0x70 ./Core/Src/stm32f4xx_hal_msp.o
                0x0000000008001970                HAL_TIM_Base_MspInit
 .text.HAL_TIM_MspPostInit
                0x00000000080019e0       0xc0 ./Core/Src/stm32f4xx_hal_msp.o
                0x00000000080019e0                HAL_TIM_MspPostInit
 .text.HAL_UART_MspInit
                0x0000000008001aa0      0x16c ./Core/Src/stm32f4xx_hal_msp.o
                0x0000000008001aa0                HAL_UART_MspInit
 .text.NMI_Handler
                0x0000000008001c0c        0x6 ./Core/Src/stm32f4xx_it.o
                0x0000000008001c0c                NMI_Handler
 .text.HardFault_Handler
                0x0000000008001c12        0x6 ./Core/Src/stm32f4xx_it.o
                0x0000000008001c12                HardFault_Handler
 .text.MemManage_Handler
                0x0000000008001c18        0x6 ./Core/Src/stm32f4xx_it.o
                0x0000000008001c18                MemManage_Handler
 .text.BusFault_Handler
                0x0000000008001c1e        0x6 ./Core/Src/stm32f4xx_it.o
                0x0000000008001c1e                BusFault_Handler
 .text.UsageFault_Handler
                0x0000000008001c24        0x6 ./Core/Src/stm32f4xx_it.o
                0x0000000008001c24                UsageFault_Handler
 .text.SVC_Handler
                0x0000000008001c2a        0xe ./Core/Src/stm32f4xx_it.o
                0x0000000008001c2a                SVC_Handler
 .text.DebugMon_Handler
                0x0000000008001c38        0xe ./Core/Src/stm32f4xx_it.o
                0x0000000008001c38                DebugMon_Handler
 .text.PendSV_Handler
                0x0000000008001c46        0xe ./Core/Src/stm32f4xx_it.o
                0x0000000008001c46                PendSV_Handler
 .text.SysTick_Handler
                0x0000000008001c54        0xc ./Core/Src/stm32f4xx_it.o
                0x0000000008001c54                SysTick_Handler
 .text.EXTI4_IRQHandler
                0x0000000008001c60        0xe ./Core/Src/stm32f4xx_it.o
                0x0000000008001c60                EXTI4_IRQHandler
 *fill*         0x0000000008001c6e        0x2 
 .text.USART1_IRQHandler
                0x0000000008001c70       0x14 ./Core/Src/stm32f4xx_it.o
                0x0000000008001c70                USART1_IRQHandler
 .text.DMA2_Stream2_IRQHandler
                0x0000000008001c84       0x14 ./Core/Src/stm32f4xx_it.o
                0x0000000008001c84                DMA2_Stream2_IRQHandler
 .text._read    0x0000000008001c98       0x3a ./Core/Src/syscalls.o
                0x0000000008001c98                _read
 .text._write   0x0000000008001cd2       0x38 ./Core/Src/syscalls.o
                0x0000000008001cd2                _write
 .text._close   0x0000000008001d0a       0x18 ./Core/Src/syscalls.o
                0x0000000008001d0a                _close
 .text._fstat   0x0000000008001d22       0x20 ./Core/Src/syscalls.o
                0x0000000008001d22                _fstat
 .text._isatty  0x0000000008001d42       0x16 ./Core/Src/syscalls.o
                0x0000000008001d42                _isatty
 .text._lseek   0x0000000008001d58       0x1a ./Core/Src/syscalls.o
                0x0000000008001d58                _lseek
 *fill*         0x0000000008001d72        0x2 
 .text._sbrk    0x0000000008001d74       0x6c ./Core/Src/sysmem.o
                0x0000000008001d74                _sbrk
 .text.SystemInit
                0x0000000008001de0       0x24 ./Core/Src/system_stm32f4xx.o
                0x0000000008001de0                SystemInit
 .text.Reset_Handler
                0x0000000008001e04       0x50 ./Core/Startup/startup_stm32f401retx.o
                0x0000000008001e04                Reset_Handler
 .text.Default_Handler
                0x0000000008001e54        0x2 ./Core/Startup/startup_stm32f401retx.o
                0x0000000008001e54                RTC_Alarm_IRQHandler
                0x0000000008001e54                EXTI2_IRQHandler
                0x0000000008001e54                SPI4_IRQHandler
                0x0000000008001e54                TIM1_CC_IRQHandler
                0x0000000008001e54                DMA2_Stream5_IRQHandler
                0x0000000008001e54                DMA1_Stream5_IRQHandler
                0x0000000008001e54                PVD_IRQHandler
                0x0000000008001e54                SDIO_IRQHandler
                0x0000000008001e54                TAMP_STAMP_IRQHandler
                0x0000000008001e54                EXTI3_IRQHandler
                0x0000000008001e54                TIM1_UP_TIM10_IRQHandler
                0x0000000008001e54                I2C3_ER_IRQHandler
                0x0000000008001e54                EXTI0_IRQHandler
                0x0000000008001e54                I2C2_EV_IRQHandler
                0x0000000008001e54                DMA1_Stream2_IRQHandler
                0x0000000008001e54                FPU_IRQHandler
                0x0000000008001e54                SPI1_IRQHandler
                0x0000000008001e54                TIM1_BRK_TIM9_IRQHandler
                0x0000000008001e54                DMA2_Stream3_IRQHandler
                0x0000000008001e54                USART6_IRQHandler
                0x0000000008001e54                DMA2_Stream0_IRQHandler
                0x0000000008001e54                TIM4_IRQHandler
                0x0000000008001e54                I2C1_EV_IRQHandler
                0x0000000008001e54                DMA1_Stream6_IRQHandler
                0x0000000008001e54                DMA1_Stream1_IRQHandler
                0x0000000008001e54                TIM3_IRQHandler
                0x0000000008001e54                RCC_IRQHandler
                0x0000000008001e54                Default_Handler
                0x0000000008001e54                EXTI15_10_IRQHandler
                0x0000000008001e54                ADC_IRQHandler
                0x0000000008001e54                DMA1_Stream7_IRQHandler
                0x0000000008001e54                TIM5_IRQHandler
                0x0000000008001e54                DMA2_Stream7_IRQHandler
                0x0000000008001e54                I2C3_EV_IRQHandler
                0x0000000008001e54                EXTI9_5_IRQHandler
                0x0000000008001e54                RTC_WKUP_IRQHandler
                0x0000000008001e54                SPI2_IRQHandler
                0x0000000008001e54                DMA1_Stream0_IRQHandler
                0x0000000008001e54                WWDG_IRQHandler
                0x0000000008001e54                TIM2_IRQHandler
                0x0000000008001e54                OTG_FS_WKUP_IRQHandler
                0x0000000008001e54                TIM1_TRG_COM_TIM11_IRQHandler
                0x0000000008001e54                EXTI1_IRQHandler
                0x0000000008001e54                USART2_IRQHandler
                0x0000000008001e54                I2C2_ER_IRQHandler
                0x0000000008001e54                DMA2_Stream1_IRQHandler
                0x0000000008001e54                FLASH_IRQHandler
                0x0000000008001e54                DMA2_Stream4_IRQHandler
                0x0000000008001e54                OTG_FS_IRQHandler
                0x0000000008001e54                SPI3_IRQHandler
                0x0000000008001e54                DMA1_Stream4_IRQHandler
                0x0000000008001e54                I2C1_ER_IRQHandler
                0x0000000008001e54                DMA2_Stream6_IRQHandler
                0x0000000008001e54                DMA1_Stream3_IRQHandler
 *fill*         0x0000000008001e56        0x2 
 .text.bluefruit_controller_command_query
                0x0000000008001e58       0x7c ./Drivers/Bluetooth/Src/bluefruit_controller.o
 .text.bluefruit_controller_status_reset
                0x0000000008001ed4       0x36 ./Drivers/Bluetooth/Src/bluefruit_controller.o
 *fill*         0x0000000008001f0a        0x2 
 .text.bluefruit_controller_status_add_byte
                0x0000000008001f0c       0x40 ./Drivers/Bluetooth/Src/bluefruit_controller.o
 .text.bluefruit_controller_status_crc_okay
                0x0000000008001f4c       0x60 ./Drivers/Bluetooth/Src/bluefruit_controller.o
 .text.bluefruit_event_handlers_reset
                0x0000000008001fac       0x20 ./Drivers/Bluetooth/Src/bluefruit_controller.o
 .text.bluefruit_controller_init
                0x0000000008001fcc       0x2c ./Drivers/Bluetooth/Src/bluefruit_controller.o
                0x0000000008001fcc                bluefruit_controller_init
 .text.bluefruit_controller_update_byte
                0x0000000008001ff8      0x118 ./Drivers/Bluetooth/Src/bluefruit_controller.o
 .text.bluefruit_controller_update
                0x0000000008002110       0x58 ./Drivers/Bluetooth/Src/bluefruit_controller.o
                0x0000000008002110                bluefruit_controller_update
 .text.handle_buttons_raw
                0x0000000008002168       0x36 ./Drivers/Bluetooth/Src/bluefruit_controller.o
                0x0000000008002168                handle_buttons_raw
 .text.handle_gyroscope_raw
                0x000000000800219e       0x3e ./Drivers/Bluetooth/Src/bluefruit_controller.o
                0x000000000800219e                handle_gyroscope_raw
 .text.debug_log
                0x00000000080021dc       0x60 ./Drivers/Bluetooth/Src/debugging.o
                0x00000000080021dc                debug_log
 .text.SSD1306_DrawBitmap
                0x000000000800223c       0xd0 ./Drivers/Display/Src/ssd1306.o
                0x000000000800223c                SSD1306_DrawBitmap
 .text.SSD1306_Init
                0x000000000800230c      0x188 ./Drivers/Display/Src/ssd1306.o
                0x000000000800230c                SSD1306_Init
 .text.SSD1306_UpdateScreen
                0x0000000008002494       0x5c ./Drivers/Display/Src/ssd1306.o
                0x0000000008002494                SSD1306_UpdateScreen
 .text.SSD1306_Fill
                0x00000000080024f0       0x30 ./Drivers/Display/Src/ssd1306.o
                0x00000000080024f0                SSD1306_Fill
 .text.SSD1306_DrawPixel
                0x0000000008002520       0xc0 ./Drivers/Display/Src/ssd1306.o
                0x0000000008002520                SSD1306_DrawPixel
 .text.SSD1306_GotoXY
                0x00000000080025e0       0x2c ./Drivers/Display/Src/ssd1306.o
                0x00000000080025e0                SSD1306_GotoXY
 .text.SSD1306_Putc
                0x000000000800260c      0x100 ./Drivers/Display/Src/ssd1306.o
                0x000000000800260c                SSD1306_Putc
 .text.SSD1306_Puts
                0x000000000800270c       0x4a ./Drivers/Display/Src/ssd1306.o
                0x000000000800270c                SSD1306_Puts
 .text.SSD1306_Clear
                0x0000000008002756       0x12 ./Drivers/Display/Src/ssd1306.o
                0x0000000008002756                SSD1306_Clear
 .text.ssd1306_I2C_Init
                0x0000000008002768       0x2c ./Drivers/Display/Src/ssd1306.o
                0x0000000008002768                ssd1306_I2C_Init
 .text.ssd1306_I2C_WriteMulti
                0x0000000008002794       0xcc ./Drivers/Display/Src/ssd1306.o
                0x0000000008002794                ssd1306_I2C_WriteMulti
 .text.ssd1306_I2C_Write
                0x0000000008002860       0x3c ./Drivers/Display/Src/ssd1306.o
                0x0000000008002860                ssd1306_I2C_Write
 .text.i2cWrite
                0x000000000800289c       0x60 ./Drivers/IO_Expander/src/ioExpander.o
 .text.i2cRead  0x00000000080028fc       0x90 ./Drivers/IO_Expander/src/ioExpander.o
 .text.ioExp_writePin
                0x000000000800298c       0x7c ./Drivers/IO_Expander/src/ioExpander.o
                0x000000000800298c                ioExp_writePin
 .text.ioExp_readPin
                0x0000000008002a08       0x50 ./Drivers/IO_Expander/src/ioExpander.o
                0x0000000008002a08                ioExp_readPin
 .text.ioExp_init
                0x0000000008002a58       0xf8 ./Drivers/IO_Expander/src/ioExpander.o
                0x0000000008002a58                ioExp_init
 .text.toggleFrontLEDs
                0x0000000008002b50       0x50 ./Drivers/IO_Expander/src/ioExpander.o
                0x0000000008002b50                toggleFrontLEDs
 .text.toggleRearLEDs
                0x0000000008002ba0       0x50 ./Drivers/IO_Expander/src/ioExpander.o
                0x0000000008002ba0                toggleRearLEDs
 .text.setMotorSpeed
                0x0000000008002bf0       0x58 ./Drivers/Motor/Src/motorDriver.o
                0x0000000008002bf0                setMotorSpeed
 .text.accelMotor
                0x0000000008002c48       0x74 ./Drivers/Motor/Src/motorDriver.o
                0x0000000008002c48                accelMotor
 .text.stopMotor
                0x0000000008002cbc       0x3c ./Drivers/Motor/Src/motorDriver.o
                0x0000000008002cbc                stopMotor
 .text.HAL_Init
                0x0000000008002cf8       0x44 ./Drivers/STM32F4xx_HAL_Driver/Src/stm32f4xx_hal.o
                0x0000000008002cf8                HAL_Init
 .text.HAL_InitTick
                0x0000000008002d3c       0x60 ./Drivers/STM32F4xx_HAL_Driver/Src/stm32f4xx_hal.o
                0x0000000008002d3c                HAL_InitTick
 .text.HAL_IncTick
                0x0000000008002d9c       0x28 ./Drivers/STM32F4xx_HAL_Driver/Src/stm32f4xx_hal.o
                0x0000000008002d9c                HAL_IncTick
 .text.HAL_GetTick
                0x0000000008002dc4       0x18 ./Drivers/STM32F4xx_HAL_Driver/Src/stm32f4xx_hal.o
                0x0000000008002dc4                HAL_GetTick
 .text.HAL_Delay
                0x0000000008002ddc       0x48 ./Drivers/STM32F4xx_HAL_Driver/Src/stm32f4xx_hal.o
                0x0000000008002ddc                HAL_Delay
 .text.__NVIC_SetPriorityGrouping
                0x0000000008002e24       0x48 ./Drivers/STM32F4xx_HAL_Driver/Src/stm32f4xx_hal_cortex.o
 .text.__NVIC_GetPriorityGrouping
                0x0000000008002e6c       0x1c ./Drivers/STM32F4xx_HAL_Driver/Src/stm32f4xx_hal_cortex.o
 .text.__NVIC_EnableIRQ
                0x0000000008002e88       0x3c ./Drivers/STM32F4xx_HAL_Driver/Src/stm32f4xx_hal_cortex.o
 .text.__NVIC_SetPriority
                0x0000000008002ec4       0x54 ./Drivers/STM32F4xx_HAL_Driver/Src/stm32f4xx_hal_cortex.o
 .text.NVIC_EncodePriority
                0x0000000008002f18       0x66 ./Drivers/STM32F4xx_HAL_Driver/Src/stm32f4xx_hal_cortex.o
 *fill*         0x0000000008002f7e        0x2 
 .text.SysTick_Config
                0x0000000008002f80       0x44 ./Drivers/STM32F4xx_HAL_Driver/Src/stm32f4xx_hal_cortex.o
 .text.HAL_NVIC_SetPriorityGrouping
                0x0000000008002fc4       0x16 ./Drivers/STM32F4xx_HAL_Driver/Src/stm32f4xx_hal_cortex.o
                0x0000000008002fc4                HAL_NVIC_SetPriorityGrouping
 .text.HAL_NVIC_SetPriority
                0x0000000008002fda       0x38 ./Drivers/STM32F4xx_HAL_Driver/Src/stm32f4xx_hal_cortex.o
                0x0000000008002fda                HAL_NVIC_SetPriority
 .text.HAL_NVIC_EnableIRQ
                0x0000000008003012       0x1c ./Drivers/STM32F4xx_HAL_Driver/Src/stm32f4xx_hal_cortex.o
                0x0000000008003012                HAL_NVIC_EnableIRQ
 .text.HAL_SYSTICK_Config
                0x000000000800302e       0x18 ./Drivers/STM32F4xx_HAL_Driver/Src/stm32f4xx_hal_cortex.o
                0x000000000800302e                HAL_SYSTICK_Config
 *fill*         0x0000000008003046        0x2 
 .text.HAL_DMA_Init
                0x0000000008003048      0x15c ./Drivers/STM32F4xx_HAL_Driver/Src/stm32f4xx_hal_dma.o
                0x0000000008003048                HAL_DMA_Init
 .text.HAL_DMA_Start_IT
                0x00000000080031a4       0xb0 ./Drivers/STM32F4xx_HAL_Driver/Src/stm32f4xx_hal_dma.o
                0x00000000080031a4                HAL_DMA_Start_IT
 .text.HAL_DMA_Abort
                0x0000000008003254       0xe0 ./Drivers/STM32F4xx_HAL_Driver/Src/stm32f4xx_hal_dma.o
                0x0000000008003254                HAL_DMA_Abort
 .text.HAL_DMA_Abort_IT
                0x0000000008003334       0x44 ./Drivers/STM32F4xx_HAL_Driver/Src/stm32f4xx_hal_dma.o
                0x0000000008003334                HAL_DMA_Abort_IT
 .text.HAL_DMA_IRQHandler
                0x0000000008003378      0x314 ./Drivers/STM32F4xx_HAL_Driver/Src/stm32f4xx_hal_dma.o
                0x0000000008003378                HAL_DMA_IRQHandler
 .text.DMA_SetConfig
                0x000000000800368c       0x5c ./Drivers/STM32F4xx_HAL_Driver/Src/stm32f4xx_hal_dma.o
 .text.DMA_CalcBaseAndBitshift
                0x00000000080036e8       0x6c ./Drivers/STM32F4xx_HAL_Driver/Src/stm32f4xx_hal_dma.o
 .text.DMA_CheckFifoParam
                0x0000000008003754       0xf8 ./Drivers/STM32F4xx_HAL_Driver/Src/stm32f4xx_hal_dma.o
 .text.HAL_GPIO_Init
                0x000000000800384c      0x308 ./Drivers/STM32F4xx_HAL_Driver/Src/stm32f4xx_hal_gpio.o
                0x000000000800384c                HAL_GPIO_Init
 .text.HAL_GPIO_WritePin
                0x0000000008003b54       0x32 ./Drivers/STM32F4xx_HAL_Driver/Src/stm32f4xx_hal_gpio.o
                0x0000000008003b54                HAL_GPIO_WritePin
 *fill*         0x0000000008003b86        0x2 
 .text.HAL_GPIO_EXTI_IRQHandler
                0x0000000008003b88       0x30 ./Drivers/STM32F4xx_HAL_Driver/Src/stm32f4xx_hal_gpio.o
                0x0000000008003b88                HAL_GPIO_EXTI_IRQHandler
 .text.HAL_I2C_Init
                0x0000000008003bb8      0x288 ./Drivers/STM32F4xx_HAL_Driver/Src/stm32f4xx_hal_i2c.o
                0x0000000008003bb8                HAL_I2C_Init
 .text.HAL_I2C_Master_Transmit
                0x0000000008003e40      0x1fc ./Drivers/STM32F4xx_HAL_Driver/Src/stm32f4xx_hal_i2c.o
                0x0000000008003e40                HAL_I2C_Master_Transmit
 .text.HAL_I2C_Master_Receive
                0x000000000800403c      0x44c ./Drivers/STM32F4xx_HAL_Driver/Src/stm32f4xx_hal_i2c.o
                0x000000000800403c                HAL_I2C_Master_Receive
 .text.HAL_I2C_IsDeviceReady
                0x0000000008004488      0x25c ./Drivers/STM32F4xx_HAL_Driver/Src/stm32f4xx_hal_i2c.o
                0x0000000008004488                HAL_I2C_IsDeviceReady
 .text.I2C_MasterRequestWrite
                0x00000000080046e4      0x104 ./Drivers/STM32F4xx_HAL_Driver/Src/stm32f4xx_hal_i2c.o
 .text.I2C_MasterRequestRead
                0x00000000080047e8      0x19c ./Drivers/STM32F4xx_HAL_Driver/Src/stm32f4xx_hal_i2c.o
 .text.I2C_WaitOnFlagUntilTimeout
                0x0000000008004984       0xae ./Drivers/STM32F4xx_HAL_Driver/Src/stm32f4xx_hal_i2c.o
 .text.I2C_WaitOnMasterAddressFlagUntilTimeout
                0x0000000008004a32       0xfe ./Drivers/STM32F4xx_HAL_Driver/Src/stm32f4xx_hal_i2c.o
 .text.I2C_WaitOnTXEFlagUntilTimeout
                0x0000000008004b30       0x82 ./Drivers/STM32F4xx_HAL_Driver/Src/stm32f4xx_hal_i2c.o
 .text.I2C_WaitOnBTFFlagUntilTimeout
                0x0000000008004bb2       0x82 ./Drivers/STM32F4xx_HAL_Driver/Src/stm32f4xx_hal_i2c.o
 .text.I2C_WaitOnRXNEFlagUntilTimeout
                0x0000000008004c34       0xac ./Drivers/STM32F4xx_HAL_Driver/Src/stm32f4xx_hal_i2c.o
 .text.I2C_IsAcknowledgeFailed
                0x0000000008004ce0       0x5e ./Drivers/STM32F4xx_HAL_Driver/Src/stm32f4xx_hal_i2c.o
 *fill*         0x0000000008004d3e        0x2 
 .text.HAL_RCC_OscConfig
                0x0000000008004d40      0x4f0 ./Drivers/STM32F4xx_HAL_Driver/Src/stm32f4xx_hal_rcc.o
                0x0000000008004d40                HAL_RCC_OscConfig
 .text.HAL_RCC_ClockConfig
                0x0000000008005230      0x1cc ./Drivers/STM32F4xx_HAL_Driver/Src/stm32f4xx_hal_rcc.o
                0x0000000008005230                HAL_RCC_ClockConfig
 .text.HAL_RCC_GetSysClockFreq
                0x00000000080053fc      0x20c ./Drivers/STM32F4xx_HAL_Driver/Src/stm32f4xx_hal_rcc.o
                0x00000000080053fc                HAL_RCC_GetSysClockFreq
 .text.HAL_RCC_GetHCLKFreq
                0x0000000008005608       0x18 ./Drivers/STM32F4xx_HAL_Driver/Src/stm32f4xx_hal_rcc.o
                0x0000000008005608                HAL_RCC_GetHCLKFreq
 .text.HAL_RCC_GetPCLK1Freq
                0x0000000008005620       0x28 ./Drivers/STM32F4xx_HAL_Driver/Src/stm32f4xx_hal_rcc.o
                0x0000000008005620                HAL_RCC_GetPCLK1Freq
 .text.HAL_RCC_GetPCLK2Freq
                0x0000000008005648       0x28 ./Drivers/STM32F4xx_HAL_Driver/Src/stm32f4xx_hal_rcc.o
                0x0000000008005648                HAL_RCC_GetPCLK2Freq
 .text.HAL_TIM_Base_Init
                0x0000000008005670       0x9e ./Drivers/STM32F4xx_HAL_Driver/Src/stm32f4xx_hal_tim.o
                0x0000000008005670                HAL_TIM_Base_Init
 .text.HAL_TIM_PWM_Init
                0x000000000800570e       0x9e ./Drivers/STM32F4xx_HAL_Driver/Src/stm32f4xx_hal_tim.o
                0x000000000800570e                HAL_TIM_PWM_Init
 .text.HAL_TIM_PWM_MspInit
                0x00000000080057ac       0x14 ./Drivers/STM32F4xx_HAL_Driver/Src/stm32f4xx_hal_tim.o
                0x00000000080057ac                HAL_TIM_PWM_MspInit
 .text.HAL_TIM_PWM_Start
                0x00000000080057c0      0x160 ./Drivers/STM32F4xx_HAL_Driver/Src/stm32f4xx_hal_tim.o
                0x00000000080057c0                HAL_TIM_PWM_Start
 .text.HAL_TIM_PWM_ConfigChannel
                0x0000000008005920      0x184 ./Drivers/STM32F4xx_HAL_Driver/Src/stm32f4xx_hal_tim.o
                0x0000000008005920                HAL_TIM_PWM_ConfigChannel
 .text.HAL_TIM_ConfigClockSource
                0x0000000008005aa4      0x18e ./Drivers/STM32F4xx_HAL_Driver/Src/stm32f4xx_hal_tim.o
                0x0000000008005aa4                HAL_TIM_ConfigClockSource
 *fill*         0x0000000008005c32        0x2 
 .text.TIM_Base_SetConfig
                0x0000000008005c34      0x100 ./Drivers/STM32F4xx_HAL_Driver/Src/stm32f4xx_hal_tim.o
                0x0000000008005c34                TIM_Base_SetConfig
 .text.TIM_OC1_SetConfig
                0x0000000008005d34       0xcc ./Drivers/STM32F4xx_HAL_Driver/Src/stm32f4xx_hal_tim.o
 .text.TIM_OC2_SetConfig
                0x0000000008005e00       0xd8 ./Drivers/STM32F4xx_HAL_Driver/Src/stm32f4xx_hal_tim.o
                0x0000000008005e00                TIM_OC2_SetConfig
 .text.TIM_OC3_SetConfig
                0x0000000008005ed8       0xd4 ./Drivers/STM32F4xx_HAL_Driver/Src/stm32f4xx_hal_tim.o
 .text.TIM_OC4_SetConfig
                0x0000000008005fac       0xa0 ./Drivers/STM32F4xx_HAL_Driver/Src/stm32f4xx_hal_tim.o
 .text.TIM_TI1_ConfigInputStage
                0x000000000800604c       0x5e ./Drivers/STM32F4xx_HAL_Driver/Src/stm32f4xx_hal_tim.o
 .text.TIM_TI2_ConfigInputStage
                0x00000000080060aa       0x60 ./Drivers/STM32F4xx_HAL_Driver/Src/stm32f4xx_hal_tim.o
 .text.TIM_ITRx_SetConfig
                0x000000000800610a       0x36 ./Drivers/STM32F4xx_HAL_Driver/Src/stm32f4xx_hal_tim.o
 .text.TIM_ETR_SetConfig
                0x0000000008006140       0x40 ./Drivers/STM32F4xx_HAL_Driver/Src/stm32f4xx_hal_tim.o
                0x0000000008006140                TIM_ETR_SetConfig
 .text.TIM_CCxChannelCmd
                0x0000000008006180       0x4a ./Drivers/STM32F4xx_HAL_Driver/Src/stm32f4xx_hal_tim.o
                0x0000000008006180                TIM_CCxChannelCmd
 *fill*         0x00000000080061ca        0x2 
 .text.HAL_TIMEx_MasterConfigSynchronization
                0x00000000080061cc       0xdc ./Drivers/STM32F4xx_HAL_Driver/Src/stm32f4xx_hal_tim_ex.o
                0x00000000080061cc                HAL_TIMEx_MasterConfigSynchronization
 .text.HAL_UART_Init
                0x00000000080062a8       0x9a ./Drivers/STM32F4xx_HAL_Driver/Src/stm32f4xx_hal_uart.o
                0x00000000080062a8                HAL_UART_Init
 .text.HAL_UART_Transmit
                0x0000000008006342      0x124 ./Drivers/STM32F4xx_HAL_Driver/Src/stm32f4xx_hal_uart.o
                0x0000000008006342                HAL_UART_Transmit
 .text.HAL_UARTEx_ReceiveToIdle_DMA
                0x0000000008006466       0xca ./Drivers/STM32F4xx_HAL_Driver/Src/stm32f4xx_hal_uart.o
                0x0000000008006466                HAL_UARTEx_ReceiveToIdle_DMA
 .text.HAL_UART_IRQHandler
                0x0000000008006530      0x51c ./Drivers/STM32F4xx_HAL_Driver/Src/stm32f4xx_hal_uart.o
                0x0000000008006530                HAL_UART_IRQHandler
 .text.HAL_UART_TxCpltCallback
                0x0000000008006a4c       0x14 ./Drivers/STM32F4xx_HAL_Driver/Src/stm32f4xx_hal_uart.o
                0x0000000008006a4c                HAL_UART_TxCpltCallback
 .text.HAL_UART_RxCpltCallback
                0x0000000008006a60       0x14 ./Drivers/STM32F4xx_HAL_Driver/Src/stm32f4xx_hal_uart.o
                0x0000000008006a60                HAL_UART_RxCpltCallback
 .text.HAL_UART_RxHalfCpltCallback
                0x0000000008006a74       0x14 ./Drivers/STM32F4xx_HAL_Driver/Src/stm32f4xx_hal_uart.o
                0x0000000008006a74                HAL_UART_RxHalfCpltCallback
 .text.HAL_UART_ErrorCallback
                0x0000000008006a88       0x14 ./Drivers/STM32F4xx_HAL_Driver/Src/stm32f4xx_hal_uart.o
                0x0000000008006a88                HAL_UART_ErrorCallback
 .text.UART_DMAReceiveCplt
                0x0000000008006a9c      0x126 ./Drivers/STM32F4xx_HAL_Driver/Src/stm32f4xx_hal_uart.o
 .text.UART_DMARxHalfCplt
                0x0000000008006bc2       0x36 ./Drivers/STM32F4xx_HAL_Driver/Src/stm32f4xx_hal_uart.o
 .text.UART_DMAError
                0x0000000008006bf8       0x94 ./Drivers/STM32F4xx_HAL_Driver/Src/stm32f4xx_hal_uart.o
 .text.UART_WaitOnFlagUntilTimeout
                0x0000000008006c8c       0xdc ./Drivers/STM32F4xx_HAL_Driver/Src/stm32f4xx_hal_uart.o
 .text.UART_Start_Receive_DMA
                0x0000000008006d68      0x13c ./Drivers/STM32F4xx_HAL_Driver/Src/stm32f4xx_hal_uart.o
                0x0000000008006d68                UART_Start_Receive_DMA
 .text.UART_EndTxTransfer
                0x0000000008006ea4       0x50 ./Drivers/STM32F4xx_HAL_Driver/Src/stm32f4xx_hal_uart.o
 .text.UART_EndRxTransfer
                0x0000000008006ef4       0xc6 ./Drivers/STM32F4xx_HAL_Driver/Src/stm32f4xx_hal_uart.o
 .text.UART_DMAAbortOnError
                0x0000000008006fba       0x28 ./Drivers/STM32F4xx_HAL_Driver/Src/stm32f4xx_hal_uart.o
 .text.UART_Transmit_IT
                0x0000000008006fe2       0xa0 ./Drivers/STM32F4xx_HAL_Driver/Src/stm32f4xx_hal_uart.o
 .text.UART_EndTransmit_IT
                0x0000000008007082       0x30 ./Drivers/STM32F4xx_HAL_Driver/Src/stm32f4xx_hal_uart.o
 .text.UART_Receive_IT
                0x00000000080070b2      0x176 ./Drivers/STM32F4xx_HAL_Driver/Src/stm32f4xx_hal_uart.o
 .text.UART_SetConfig
                0x0000000008007228      0x4e8 ./Drivers/STM32F4xx_HAL_Driver/Src/stm32f4xx_hal_uart.o
 .text.VL53LX_DataInit
                0x0000000008007710       0xb6 ./Drivers/TOF/core/src/vl53lx_api.o
                0x0000000008007710                VL53LX_DataInit
 .text.VL53LX_WaitDeviceBooted
                0x00000000080077c6       0x26 ./Drivers/TOF/core/src/vl53lx_api.o
                0x00000000080077c6                VL53LX_WaitDeviceBooted
 .text.ComputeDevicePresetMode
                0x00000000080077ec       0x60 ./Drivers/TOF/core/src/vl53lx_api.o
 .text.SetPresetModeL3CX
                0x000000000800784c       0xb6 ./Drivers/TOF/core/src/vl53lx_api.o
 .text.IsL4     0x0000000008007902       0x36 ./Drivers/TOF/core/src/vl53lx_api.o
 .text.VL53LX_SetMeasurementTimingBudgetMicroSeconds
                0x0000000008007938       0xf0 ./Drivers/TOF/core/src/vl53lx_api.o
                0x0000000008007938                VL53LX_SetMeasurementTimingBudgetMicroSeconds
 .text.VL53LX_StartMeasurement
                0x0000000008007a28       0x8e ./Drivers/TOF/core/src/vl53lx_api.o
                0x0000000008007a28                VL53LX_StartMeasurement
 .text.VL53LX_StopMeasurement
                0x0000000008007ab6       0x28 ./Drivers/TOF/core/src/vl53lx_api.o
                0x0000000008007ab6                VL53LX_StopMeasurement
 .text.VL53LX_ClearInterruptAndStartMeasurement
                0x0000000008007ade       0x2c ./Drivers/TOF/core/src/vl53lx_api.o
                0x0000000008007ade                VL53LX_ClearInterruptAndStartMeasurement
 *fill*         0x0000000008007b0a        0x2 
 .text.ConvertStatusHisto
                0x0000000008007b0c       0xa8 ./Drivers/TOF/core/src/vl53lx_api.o
 .text.SetTargetData
                0x0000000008007bb4      0x570 ./Drivers/TOF/core/src/vl53lx_api.o
 .text.SetMeasurementData
                0x0000000008008124      0x140 ./Drivers/TOF/core/src/vl53lx_api.o
 .text.VL53LX_GetMultiRangingData
                0x0000000008008264       0x4e ./Drivers/TOF/core/src/vl53lx_api.o
                0x0000000008008264                VL53LX_GetMultiRangingData
 *fill*         0x00000000080082b2        0x2 
 .text.VL53LX_SmudgeCorrectionEnable
                0x00000000080082b4       0xf0 ./Drivers/TOF/core/src/vl53lx_api.o
                0x00000000080082b4                VL53LX_SmudgeCorrectionEnable
 .text.select_offset_per_vcsel
                0x00000000080083a4       0xce ./Drivers/TOF/core/src/vl53lx_api_core.o
 .text.vl53lx_diff_histo_stddev
                0x0000000008008472      0x122 ./Drivers/TOF/core/src/vl53lx_api_core.o
 .text.vl53lx_histo_merge
                0x0000000008008594      0x2d2 ./Drivers/TOF/core/src/vl53lx_api_core.o
 *fill*         0x0000000008008866        0x2 
 .text.VL53LX_load_patch
                0x0000000008008868      0x25c ./Drivers/TOF/core/src/vl53lx_api_core.o
                0x0000000008008868                VL53LX_load_patch
 .text.VL53LX_unload_patch
                0x0000000008008ac4       0x6a ./Drivers/TOF/core/src/vl53lx_api_core.o
                0x0000000008008ac4                VL53LX_unload_patch
 .text.VL53LX_data_init
                0x0000000008008b2e      0x364 ./Drivers/TOF/core/src/vl53lx_api_core.o
                0x0000000008008b2e                VL53LX_data_init
 .text.VL53LX_read_p2p_data
                0x0000000008008e92      0x24a ./Drivers/TOF/core/src/vl53lx_api_core.o
                0x0000000008008e92                VL53LX_read_p2p_data
 .text.VL53LX_set_inter_measurement_period_ms
                0x00000000080090dc       0x5a ./Drivers/TOF/core/src/vl53lx_api_core.o
                0x00000000080090dc                VL53LX_set_inter_measurement_period_ms
 .text.VL53LX_set_timeouts_us
                0x0000000008009136       0x70 ./Drivers/TOF/core/src/vl53lx_api_core.o
                0x0000000008009136                VL53LX_set_timeouts_us
 .text.VL53LX_get_timeouts_us
                0x00000000080091a6       0xd6 ./Drivers/TOF/core/src/vl53lx_api_core.o
                0x00000000080091a6                VL53LX_get_timeouts_us
 .text.VL53LX_set_user_zone
                0x000000000800927c       0x46 ./Drivers/TOF/core/src/vl53lx_api_core.o
                0x000000000800927c                VL53LX_set_user_zone
 .text.VL53LX_get_mode_mitigation_roi
                0x00000000080092c2       0x68 ./Drivers/TOF/core/src/vl53lx_api_core.o
                0x00000000080092c2                VL53LX_get_mode_mitigation_roi
 .text.VL53LX_get_preset_mode_timing_cfg
                0x000000000800932a       0xc0 ./Drivers/TOF/core/src/vl53lx_api_core.o
                0x000000000800932a                VL53LX_get_preset_mode_timing_cfg
 .text.VL53LX_set_preset_mode
                0x00000000080093ea      0x188 ./Drivers/TOF/core/src/vl53lx_api_core.o
                0x00000000080093ea                VL53LX_set_preset_mode
 *fill*         0x0000000008009572        0x2 
 .text.VL53LX_init_and_start_range
                0x0000000008009574      0x59c ./Drivers/TOF/core/src/vl53lx_api_core.o
                0x0000000008009574                VL53LX_init_and_start_range
 .text.VL53LX_stop_range
                0x0000000008009b10       0xa0 ./Drivers/TOF/core/src/vl53lx_api_core.o
                0x0000000008009b10                VL53LX_stop_range
 .text.VL53LX_get_measurement_results
                0x0000000008009bb0      0x17c ./Drivers/TOF/core/src/vl53lx_api_core.o
                0x0000000008009bb0                VL53LX_get_measurement_results
 .text.VL53LX_get_device_results
                0x0000000008009d2c      0x808 ./Drivers/TOF/core/src/vl53lx_api_core.o
                0x0000000008009d2c                VL53LX_get_device_results
 .text.VL53LX_clear_interrupt_and_enable_next_range
                0x000000000800a534       0x34 ./Drivers/TOF/core/src/vl53lx_api_core.o
                0x000000000800a534                VL53LX_clear_interrupt_and_enable_next_range
 .text.VL53LX_get_histogram_bin_data
                0x000000000800a568      0x610 ./Drivers/TOF/core/src/vl53lx_api_core.o
                0x000000000800a568                VL53LX_get_histogram_bin_data
 .text.VL53LX_copy_sys_and_core_results_to_range_results
                0x000000000800ab78      0x2e8 ./Drivers/TOF/core/src/vl53lx_api_core.o
                0x000000000800ab78                VL53LX_copy_sys_and_core_results_to_range_results
 .text.VL53LX_set_zone_dss_config
                0x000000000800ae60       0x4c ./Drivers/TOF/core/src/vl53lx_api_core.o
                0x000000000800ae60                VL53LX_set_zone_dss_config
 .text.VL53LX_set_dmax_mode
                0x000000000800aeac       0x2a ./Drivers/TOF/core/src/vl53lx_api_core.o
                0x000000000800aeac                VL53LX_set_dmax_mode
 .text.VL53LX_get_dmax_calibration_data
                0x000000000800aed6       0x52 ./Drivers/TOF/core/src/vl53lx_api_core.o
                0x000000000800aed6                VL53LX_get_dmax_calibration_data
 .text.VL53LX_get_tuning_parm
                0x000000000800af28      0xde4 ./Drivers/TOF/core/src/vl53lx_api_core.o
                0x000000000800af28                VL53LX_get_tuning_parm
 .text.VL53LX_dynamic_xtalk_correction_enable
                0x000000000800bd0c       0x2c ./Drivers/TOF/core/src/vl53lx_api_core.o
                0x000000000800bd0c                VL53LX_dynamic_xtalk_correction_enable
 .text.VL53LX_dynamic_xtalk_correction_disable
                0x000000000800bd38       0x2c ./Drivers/TOF/core/src/vl53lx_api_core.o
                0x000000000800bd38                VL53LX_dynamic_xtalk_correction_disable
 .text.VL53LX_dynamic_xtalk_correction_apply_disable
                0x000000000800bd64       0x2c ./Drivers/TOF/core/src/vl53lx_api_core.o
                0x000000000800bd64                VL53LX_dynamic_xtalk_correction_apply_disable
 .text.VL53LX_dynamic_xtalk_correction_single_apply_enable
                0x000000000800bd90       0x2c ./Drivers/TOF/core/src/vl53lx_api_core.o
                0x000000000800bd90                VL53LX_dynamic_xtalk_correction_single_apply_enable
 .text.VL53LX_dynamic_xtalk_correction_single_apply_disable
                0x000000000800bdbc       0x2c ./Drivers/TOF/core/src/vl53lx_api_core.o
                0x000000000800bdbc                VL53LX_dynamic_xtalk_correction_single_apply_disable
 .text.VL53LX_dynamic_xtalk_correction_apply_enable
                0x000000000800bde8       0x2c ./Drivers/TOF/core/src/vl53lx_api_core.o
                0x000000000800bde8                VL53LX_dynamic_xtalk_correction_apply_enable
 .text.VL53LX_init_refspadchar_config_struct
                0x000000000800be14       0x48 ./Drivers/TOF/core/src/vl53lx_api_preset_modes.o
                0x000000000800be14                VL53LX_init_refspadchar_config_struct
 .text.VL53LX_init_ssc_config_struct
                0x000000000800be5c       0x42 ./Drivers/TOF/core/src/vl53lx_api_preset_modes.o
                0x000000000800be5c                VL53LX_init_ssc_config_struct
 .text.VL53LX_init_xtalk_config_struct
                0x000000000800be9e       0xe6 ./Drivers/TOF/core/src/vl53lx_api_preset_modes.o
                0x000000000800be9e                VL53LX_init_xtalk_config_struct
 .text.VL53LX_init_xtalk_extract_config_struct
                0x000000000800bf84       0x5e ./Drivers/TOF/core/src/vl53lx_api_preset_modes.o
                0x000000000800bf84                VL53LX_init_xtalk_extract_config_struct
 .text.VL53LX_init_offset_cal_config_struct
                0x000000000800bfe2       0x4e ./Drivers/TOF/core/src/vl53lx_api_preset_modes.o
                0x000000000800bfe2                VL53LX_init_offset_cal_config_struct
 .text.VL53LX_init_zone_cal_config_struct
                0x000000000800c030       0x48 ./Drivers/TOF/core/src/vl53lx_api_preset_modes.o
                0x000000000800c030                VL53LX_init_zone_cal_config_struct
 .text.VL53LX_init_hist_post_process_config_struct
                0x000000000800c078       0xde ./Drivers/TOF/core/src/vl53lx_api_preset_modes.o
                0x000000000800c078                VL53LX_init_hist_post_process_config_struct
 .text.VL53LX_init_tuning_parm_storage_struct
                0x000000000800c156      0x338 ./Drivers/TOF/core/src/vl53lx_api_preset_modes.o
                0x000000000800c156                VL53LX_init_tuning_parm_storage_struct
 .text.VL53LX_init_hist_gen3_dmax_config_struct
                0x000000000800c48e       0x6c ./Drivers/TOF/core/src/vl53lx_api_preset_modes.o
                0x000000000800c48e                VL53LX_init_hist_gen3_dmax_config_struct
 .text.VL53LX_preset_mode_standard_ranging
                0x000000000800c4fa      0x2f2 ./Drivers/TOF/core/src/vl53lx_api_preset_modes.o
                0x000000000800c4fa                VL53LX_preset_mode_standard_ranging
 .text.VL53LX_preset_mode_histogram_ranging
                0x000000000800c7ec      0x12a ./Drivers/TOF/core/src/vl53lx_api_preset_modes.o
                0x000000000800c7ec                VL53LX_preset_mode_histogram_ranging
 .text.VL53LX_preset_mode_histogram_long_range
                0x000000000800c916      0x13c ./Drivers/TOF/core/src/vl53lx_api_preset_modes.o
                0x000000000800c916                VL53LX_preset_mode_histogram_long_range
 .text.VL53LX_preset_mode_histogram_medium_range
                0x000000000800ca52      0x13c ./Drivers/TOF/core/src/vl53lx_api_preset_modes.o
                0x000000000800ca52                VL53LX_preset_mode_histogram_medium_range
 .text.VL53LX_preset_mode_histogram_short_range
                0x000000000800cb8e      0x13c ./Drivers/TOF/core/src/vl53lx_api_preset_modes.o
                0x000000000800cb8e                VL53LX_preset_mode_histogram_short_range
 .text.VL53LX_copy_hist_cfg_to_static_cfg
                0x000000000800ccca       0xea ./Drivers/TOF/core/src/vl53lx_api_preset_modes.o
                0x000000000800ccca                VL53LX_copy_hist_cfg_to_static_cfg
 .text.VL53LX_copy_hist_bins_to_static_cfg
                0x000000000800cdb4       0xc8 ./Drivers/TOF/core/src/vl53lx_api_preset_modes.o
                0x000000000800cdb4                VL53LX_copy_hist_bins_to_static_cfg
 .text.VL53LX_init_version
                0x000000000800ce7c       0x36 ./Drivers/TOF/core/src/vl53lx_core.o
                0x000000000800ce7c                VL53LX_init_version
 .text.VL53LX_init_ll_driver_state
                0x000000000800ceb2       0x5e ./Drivers/TOF/core/src/vl53lx_core.o
                0x000000000800ceb2                VL53LX_init_ll_driver_state
 .text.VL53LX_update_ll_driver_rd_state
                0x000000000800cf10      0x1d8 ./Drivers/TOF/core/src/vl53lx_core.o
                0x000000000800cf10                VL53LX_update_ll_driver_rd_state
 .text.VL53LX_check_ll_driver_rd_state
                0x000000000800d0e8      0x164 ./Drivers/TOF/core/src/vl53lx_core.o
                0x000000000800d0e8                VL53LX_check_ll_driver_rd_state
 .text.VL53LX_update_ll_driver_cfg_state
                0x000000000800d24c      0x24c ./Drivers/TOF/core/src/vl53lx_core.o
                0x000000000800d24c                VL53LX_update_ll_driver_cfg_state
 .text.VL53LX_copy_rtn_good_spads_to_buffer
                0x000000000800d498      0x174 ./Drivers/TOF/core/src/vl53lx_core.o
                0x000000000800d498                VL53LX_copy_rtn_good_spads_to_buffer
 .text.VL53LX_init_system_results
                0x000000000800d60c       0xcc ./Drivers/TOF/core/src/vl53lx_core.o
                0x000000000800d60c                VL53LX_init_system_results
 .text.V53L1_init_zone_results_structure
                0x000000000800d6d8       0x6a ./Drivers/TOF/core/src/vl53lx_core.o
                0x000000000800d6d8                V53L1_init_zone_results_structure
 .text.V53L1_init_zone_dss_configs
                0x000000000800d742       0x6c ./Drivers/TOF/core/src/vl53lx_core.o
                0x000000000800d742                V53L1_init_zone_dss_configs
 .text.VL53LX_init_histogram_config_structure
                0x000000000800d7ae      0x120 ./Drivers/TOF/core/src/vl53lx_core.o
                0x000000000800d7ae                VL53LX_init_histogram_config_structure
 .text.VL53LX_init_histogram_multizone_config_structure
                0x000000000800d8ce      0x120 ./Drivers/TOF/core/src/vl53lx_core.o
                0x000000000800d8ce                VL53LX_init_histogram_multizone_config_structure
 .text.VL53LX_init_xtalk_bin_data_struct
                0x000000000800d9ee       0xa6 ./Drivers/TOF/core/src/vl53lx_core.o
                0x000000000800d9ee                VL53LX_init_xtalk_bin_data_struct
 .text.VL53LX_i2c_encode_uint16_t
                0x000000000800da94       0x56 ./Drivers/TOF/core/src/vl53lx_core.o
                0x000000000800da94                VL53LX_i2c_encode_uint16_t
 .text.VL53LX_i2c_decode_uint16_t
                0x000000000800daea       0x40 ./Drivers/TOF/core/src/vl53lx_core.o
                0x000000000800daea                VL53LX_i2c_decode_uint16_t
 .text.VL53LX_i2c_encode_int16_t
                0x000000000800db2a       0x58 ./Drivers/TOF/core/src/vl53lx_core.o
                0x000000000800db2a                VL53LX_i2c_encode_int16_t
 .text.VL53LX_i2c_decode_int16_t
                0x000000000800db82       0x52 ./Drivers/TOF/core/src/vl53lx_core.o
                0x000000000800db82                VL53LX_i2c_decode_int16_t
 .text.VL53LX_i2c_encode_uint32_t
                0x000000000800dbd4       0x54 ./Drivers/TOF/core/src/vl53lx_core.o
                0x000000000800dbd4                VL53LX_i2c_encode_uint32_t
 .text.VL53LX_i2c_decode_uint32_t
                0x000000000800dc28       0x3a ./Drivers/TOF/core/src/vl53lx_core.o
                0x000000000800dc28                VL53LX_i2c_decode_uint32_t
 .text.VL53LX_i2c_decode_int32_t
                0x000000000800dc62       0x4a ./Drivers/TOF/core/src/vl53lx_core.o
                0x000000000800dc62                VL53LX_i2c_decode_int32_t
 .text.VL53LX_set_firmware_enable_register
                0x000000000800dcac       0x3c ./Drivers/TOF/core/src/vl53lx_core.o
                0x000000000800dcac                VL53LX_set_firmware_enable_register
 .text.VL53LX_enable_firmware
                0x000000000800dce8       0x24 ./Drivers/TOF/core/src/vl53lx_core.o
                0x000000000800dce8                VL53LX_enable_firmware
 .text.VL53LX_disable_firmware
                0x000000000800dd0c       0x24 ./Drivers/TOF/core/src/vl53lx_core.o
                0x000000000800dd0c                VL53LX_disable_firmware
 .text.VL53LX_set_powerforce_register
                0x000000000800dd30       0x3c ./Drivers/TOF/core/src/vl53lx_core.o
                0x000000000800dd30                VL53LX_set_powerforce_register
 .text.VL53LX_enable_powerforce
                0x000000000800dd6c       0x24 ./Drivers/TOF/core/src/vl53lx_core.o
                0x000000000800dd6c                VL53LX_enable_powerforce
 .text.VL53LX_disable_powerforce
                0x000000000800dd90       0x24 ./Drivers/TOF/core/src/vl53lx_core.o
                0x000000000800dd90                VL53LX_disable_powerforce
 .text.VL53LX_calc_macro_period_us
                0x000000000800ddb4       0x5e ./Drivers/TOF/core/src/vl53lx_core.o
                0x000000000800ddb4                VL53LX_calc_macro_period_us
 *fill*         0x000000000800de12        0x2 
 .text.VL53LX_calc_range_ignore_threshold
                0x000000000800de14       0xc4 ./Drivers/TOF/core/src/vl53lx_core.o
                0x000000000800de14                VL53LX_calc_range_ignore_threshold
 .text.VL53LX_calc_timeout_mclks
                0x000000000800ded8       0x3a ./Drivers/TOF/core/src/vl53lx_core.o
                0x000000000800ded8                VL53LX_calc_timeout_mclks
 .text.VL53LX_calc_encoded_timeout
                0x000000000800df12       0x30 ./Drivers/TOF/core/src/vl53lx_core.o
                0x000000000800df12                VL53LX_calc_encoded_timeout
 .text.VL53LX_calc_timeout_us
                0x000000000800df42       0x80 ./Drivers/TOF/core/src/vl53lx_core.o
                0x000000000800df42                VL53LX_calc_timeout_us
 *fill*         0x000000000800dfc2        0x2 
 .text.VL53LX_calc_crosstalk_plane_offset_with_margin
                0x000000000800dfc4       0x4c ./Drivers/TOF/core/src/vl53lx_core.o
                0x000000000800dfc4                VL53LX_calc_crosstalk_plane_offset_with_margin
 .text.VL53LX_calc_decoded_timeout_us
                0x000000000800e010       0x32 ./Drivers/TOF/core/src/vl53lx_core.o
                0x000000000800e010                VL53LX_calc_decoded_timeout_us
 .text.VL53LX_encode_timeout
                0x000000000800e042       0x58 ./Drivers/TOF/core/src/vl53lx_core.o
                0x000000000800e042                VL53LX_encode_timeout
 .text.VL53LX_decode_timeout
                0x000000000800e09a       0x2c ./Drivers/TOF/core/src/vl53lx_core.o
                0x000000000800e09a                VL53LX_decode_timeout
 .text.VL53LX_calc_timeout_register_values
                0x000000000800e0c6       0xf2 ./Drivers/TOF/core/src/vl53lx_core.o
                0x000000000800e0c6                VL53LX_calc_timeout_register_values
 .text.VL53LX_hist_copy_and_scale_ambient_info
                0x000000000800e1b8      0x202 ./Drivers/TOF/core/src/vl53lx_core.o
                0x000000000800e1b8                VL53LX_hist_copy_and_scale_ambient_info
 .text.VL53LX_hist_get_bin_sequence_config
                0x000000000800e3ba      0x2ba ./Drivers/TOF/core/src/vl53lx_core.o
                0x000000000800e3ba                VL53LX_hist_get_bin_sequence_config
 .text.VL53LX_hist_phase_consistency_check
                0x000000000800e674      0x260 ./Drivers/TOF/core/src/vl53lx_core.o
                0x000000000800e674                VL53LX_hist_phase_consistency_check
 .text.VL53LX_hist_events_consistency_check
                0x000000000800e8d4      0x62c ./Drivers/TOF/core/src/vl53lx_core.o
                0x000000000800e8d4                VL53LX_hist_events_consistency_check
 .text.VL53LX_hist_merged_pulse_check
                0x000000000800ef00       0x86 ./Drivers/TOF/core/src/vl53lx_core.o
                0x000000000800ef00                VL53LX_hist_merged_pulse_check
 .text.VL53LX_hist_xmonitor_consistency_check
                0x000000000800ef86       0xae ./Drivers/TOF/core/src/vl53lx_core.o
                0x000000000800ef86                VL53LX_hist_xmonitor_consistency_check
 .text.VL53LX_hist_wrap_dmax
                0x000000000800f034       0x6c ./Drivers/TOF/core/src/vl53lx_core.o
                0x000000000800f034                VL53LX_hist_wrap_dmax
 .text.VL53LX_hist_combine_mm1_mm2_offsets
                0x000000000800f0a0      0x11e ./Drivers/TOF/core/src/vl53lx_core.o
                0x000000000800f0a0                VL53LX_hist_combine_mm1_mm2_offsets
 .text.VL53LX_spad_number_to_byte_bit_index
                0x000000000800f1be       0x42 ./Drivers/TOF/core/src/vl53lx_core.o
                0x000000000800f1be                VL53LX_spad_number_to_byte_bit_index
 .text.VL53LX_encode_row_col
                0x000000000800f200       0x4e ./Drivers/TOF/core/src/vl53lx_core.o
                0x000000000800f200                VL53LX_encode_row_col
 .text.VL53LX_decode_zone_size
                0x000000000800f24e       0x30 ./Drivers/TOF/core/src/vl53lx_core.o
                0x000000000800f24e                VL53LX_decode_zone_size
 .text.VL53LX_encode_zone_size
                0x000000000800f27e       0x2c ./Drivers/TOF/core/src/vl53lx_core.o
                0x000000000800f27e                VL53LX_encode_zone_size
 .text.VL53LX_decode_zone_limits
                0x000000000800f2aa       0xee ./Drivers/TOF/core/src/vl53lx_core.o
                0x000000000800f2aa                VL53LX_decode_zone_limits
 .text.VL53LX_is_aperture_location
                0x000000000800f398       0x52 ./Drivers/TOF/core/src/vl53lx_core.o
                0x000000000800f398                VL53LX_is_aperture_location
 .text.VL53LX_calc_max_effective_spads
                0x000000000800f3ea      0x11c ./Drivers/TOF/core/src/vl53lx_core.o
                0x000000000800f3ea                VL53LX_calc_max_effective_spads
 .text.VL53LX_calc_mm_effective_spads
                0x000000000800f506      0x19e ./Drivers/TOF/core/src/vl53lx_core.o
                0x000000000800f506                VL53LX_calc_mm_effective_spads
 .text.VL53LX_hist_copy_results_to_sys_and_core
                0x000000000800f6a4      0x136 ./Drivers/TOF/core/src/vl53lx_core.o
                0x000000000800f6a4                VL53LX_hist_copy_results_to_sys_and_core
 .text.VL53LX_save_cfg_data
                0x000000000800f7da       0x72 ./Drivers/TOF/core/src/vl53lx_core.o
                0x000000000800f7da                VL53LX_save_cfg_data
 .text.VL53LX_dynamic_zone_update
                0x000000000800f84c       0xf4 ./Drivers/TOF/core/src/vl53lx_core.o
                0x000000000800f84c                VL53LX_dynamic_zone_update
 .text.VL53LX_multizone_hist_bins_update
                0x000000000800f940      0x152 ./Drivers/TOF/core/src/vl53lx_core.o
                0x000000000800f940                VL53LX_multizone_hist_bins_update
 .text.VL53LX_update_internal_stream_counters
                0x000000000800fa92       0x7c ./Drivers/TOF/core/src/vl53lx_core.o
                0x000000000800fa92                VL53LX_update_internal_stream_counters
 .text.VL53LX_dynamic_xtalk_correction_calc_required_samples
                0x000000000800fb0e      0x2ca ./Drivers/TOF/core/src/vl53lx_core.o
                0x000000000800fb0e                VL53LX_dynamic_xtalk_correction_calc_required_samples
 .text.VL53LX_dynamic_xtalk_correction_calc_new_xtalk
                0x000000000800fdd8      0x35c ./Drivers/TOF/core/src/vl53lx_core.o
                0x000000000800fdd8                VL53LX_dynamic_xtalk_correction_calc_new_xtalk
 .text.VL53LX_dynamic_xtalk_correction_corrector
                0x0000000008010134      0x54c ./Drivers/TOF/core/src/vl53lx_core.o
                0x0000000008010134                VL53LX_dynamic_xtalk_correction_corrector
 .text.VL53LX_dynamic_xtalk_correction_data_init
                0x0000000008010680      0x18e ./Drivers/TOF/core/src/vl53lx_core.o
                0x0000000008010680                VL53LX_dynamic_xtalk_correction_data_init
 .text.VL53LX_dynamic_xtalk_correction_output_init
                0x000000000801080e       0x60 ./Drivers/TOF/core/src/vl53lx_core.o
                0x000000000801080e                VL53LX_dynamic_xtalk_correction_output_init
 .text.VL53LX_xtalk_cal_data_init
                0x000000000801086e       0x54 ./Drivers/TOF/core/src/vl53lx_core.o
                0x000000000801086e                VL53LX_xtalk_cal_data_init
 .text.VL53LX_low_power_auto_data_init
                0x00000000080108c2       0x8e ./Drivers/TOF/core/src/vl53lx_core.o
                0x00000000080108c2                VL53LX_low_power_auto_data_init
 .text.VL53LX_low_power_auto_data_stop_range
                0x0000000008010950       0x96 ./Drivers/TOF/core/src/vl53lx_core.o
                0x0000000008010950                VL53LX_low_power_auto_data_stop_range
 .text.VL53LX_low_power_auto_setup_manual_calibration
                0x00000000080109e6       0xa2 ./Drivers/TOF/core/src/vl53lx_core.o
                0x00000000080109e6                VL53LX_low_power_auto_setup_manual_calibration
 .text.VL53LX_low_power_auto_update_DSS
                0x0000000008010a88      0x110 ./Drivers/TOF/core/src/vl53lx_core.o
                0x0000000008010a88                VL53LX_low_power_auto_update_DSS
 .text.VL53LX_compute_histo_merge_nb
                0x0000000008010b98       0x7e ./Drivers/TOF/core/src/vl53lx_core.o
                0x0000000008010b98                VL53LX_compute_histo_merge_nb
 .text.VL53LX_calc_pll_period_us
                0x0000000008010c16       0x2e ./Drivers/TOF/core/src/vl53lx_core_support.o
                0x0000000008010c16                VL53LX_calc_pll_period_us
 .text.VL53LX_duration_maths
                0x0000000008010c44       0xb2 ./Drivers/TOF/core/src/vl53lx_core_support.o
                0x0000000008010c44                VL53LX_duration_maths
 .text.VL53LX_events_per_spad_maths
                0x0000000008010cf6      0x132 ./Drivers/TOF/core/src/vl53lx_core_support.o
                0x0000000008010cf6                VL53LX_events_per_spad_maths
 .text.VL53LX_isqrt
                0x0000000008010e28       0x68 ./Drivers/TOF/core/src/vl53lx_core_support.o
                0x0000000008010e28                VL53LX_isqrt
 .text.VL53LX_hist_calc_zero_distance_phase
                0x0000000008010e90       0x80 ./Drivers/TOF/core/src/vl53lx_core_support.o
                0x0000000008010e90                VL53LX_hist_calc_zero_distance_phase
 .text.VL53LX_hist_estimate_ambient_from_thresholded_bins
                0x0000000008010f10       0xf4 ./Drivers/TOF/core/src/vl53lx_core_support.o
                0x0000000008010f10                VL53LX_hist_estimate_ambient_from_thresholded_bins
 .text.VL53LX_hist_remove_ambient_bins
                0x0000000008011004       0xf2 ./Drivers/TOF/core/src/vl53lx_core_support.o
                0x0000000008011004                VL53LX_hist_remove_ambient_bins
 .text.VL53LX_calc_pll_period_mm
                0x00000000080110f6       0x3e ./Drivers/TOF/core/src/vl53lx_core_support.o
                0x00000000080110f6                VL53LX_calc_pll_period_mm
 .text.VL53LX_rate_maths
                0x0000000008011134       0x8a ./Drivers/TOF/core/src/vl53lx_core_support.o
                0x0000000008011134                VL53LX_rate_maths
 .text.VL53LX_rate_per_spad_maths
                0x00000000080111be       0x68 ./Drivers/TOF/core/src/vl53lx_core_support.o
                0x00000000080111be                VL53LX_rate_per_spad_maths
 *fill*         0x0000000008011226        0x2 
 .text.VL53LX_range_maths
                0x0000000008011228      0x1d0 ./Drivers/TOF/core/src/vl53lx_core_support.o
                0x0000000008011228                VL53LX_range_maths
 .text.VL53LX_decode_vcsel_period
                0x00000000080113f8       0x26 ./Drivers/TOF/core/src/vl53lx_core_support.o
                0x00000000080113f8                VL53LX_decode_vcsel_period
 .text.VL53LX_copy_xtalk_bin_data_to_histogram_data_struct
                0x000000000801141e       0x7c ./Drivers/TOF/core/src/vl53lx_core_support.o
                0x000000000801141e                VL53LX_copy_xtalk_bin_data_to_histogram_data_struct
 .text.VL53LX_init_histogram_bin_data_struct
                0x000000000801149a      0x152 ./Drivers/TOF/core/src/vl53lx_core_support.o
                0x000000000801149a                VL53LX_init_histogram_bin_data_struct
 .text.VL53LX_decode_row_col
                0x00000000080115ec       0x5e ./Drivers/TOF/core/src/vl53lx_core_support.o
                0x00000000080115ec                VL53LX_decode_row_col
 .text.VL53LX_hist_find_min_max_bin_values
                0x000000000801164a       0x84 ./Drivers/TOF/core/src/vl53lx_core_support.o
                0x000000000801164a                VL53LX_hist_find_min_max_bin_values
 .text.VL53LX_hist_estimate_ambient_from_ambient_bins
                0x00000000080116ce       0x96 ./Drivers/TOF/core/src/vl53lx_core_support.o
                0x00000000080116ce                VL53LX_hist_estimate_ambient_from_ambient_bins
 .text.VL53LX_f_001
                0x0000000008011764      0x84a ./Drivers/TOF/core/src/vl53lx_dmax.o
                0x0000000008011764                VL53LX_f_001
 .text.VL53LX_f_002
                0x0000000008011fae       0x72 ./Drivers/TOF/core/src/vl53lx_dmax.o
                0x0000000008011fae                VL53LX_f_002
 .text.VL53LX_f_003
                0x0000000008012020       0xf2 ./Drivers/TOF/core/src/vl53lx_hist_algos_gen3.o
                0x0000000008012020                VL53LX_f_003
 .text.VL53LX_f_006
                0x0000000008012112      0x260 ./Drivers/TOF/core/src/vl53lx_hist_algos_gen3.o
                0x0000000008012112                VL53LX_f_006
 .text.VL53LX_f_007
                0x0000000008012372       0x9c ./Drivers/TOF/core/src/vl53lx_hist_algos_gen3.o
                0x0000000008012372                VL53LX_f_007
 .text.VL53LX_f_008
                0x000000000801240e       0xfc ./Drivers/TOF/core/src/vl53lx_hist_algos_gen3.o
                0x000000000801240e                VL53LX_f_008
 .text.VL53LX_f_009
                0x000000000801250a      0x1a4 ./Drivers/TOF/core/src/vl53lx_hist_algos_gen3.o
                0x000000000801250a                VL53LX_f_009
 .text.VL53LX_f_016
                0x00000000080126ae      0x108 ./Drivers/TOF/core/src/vl53lx_hist_algos_gen3.o
                0x00000000080126ae                VL53LX_f_016
 .text.VL53LX_f_010
                0x00000000080127b6       0xa6 ./Drivers/TOF/core/src/vl53lx_hist_algos_gen3.o
                0x00000000080127b6                VL53LX_f_010
 .text.VL53LX_f_015
                0x000000000801285c      0x172 ./Drivers/TOF/core/src/vl53lx_hist_algos_gen3.o
                0x000000000801285c                VL53LX_f_015
 .text.VL53LX_f_020
                0x00000000080129ce      0x236 ./Drivers/TOF/core/src/vl53lx_hist_algos_gen3.o
                0x00000000080129ce                VL53LX_f_020
 .text.VL53LX_f_011
                0x0000000008012c04       0xa8 ./Drivers/TOF/core/src/vl53lx_hist_algos_gen3.o
                0x0000000008012c04                VL53LX_f_011
 .text.VL53LX_f_014
                0x0000000008012cac      0x150 ./Drivers/TOF/core/src/vl53lx_hist_algos_gen3.o
                0x0000000008012cac                VL53LX_f_014
 .text.VL53LX_f_017
                0x0000000008012dfc      0x154 ./Drivers/TOF/core/src/vl53lx_hist_algos_gen3.o
                0x0000000008012dfc                VL53LX_f_017
 .text.VL53LX_f_025
                0x0000000008012f50      0x41e ./Drivers/TOF/core/src/vl53lx_hist_algos_gen4.o
                0x0000000008012f50                VL53LX_f_025
 .text.VL53LX_f_026
                0x000000000801336e      0x118 ./Drivers/TOF/core/src/vl53lx_hist_algos_gen4.o
                0x000000000801336e                VL53LX_f_026
 .text.VL53LX_f_027
                0x0000000008013486      0x1d0 ./Drivers/TOF/core/src/vl53lx_hist_algos_gen4.o
                0x0000000008013486                VL53LX_f_027
 .text.VL53LX_f_028
                0x0000000008013656      0x2a2 ./Drivers/TOF/core/src/vl53lx_hist_algos_gen4.o
                0x0000000008013656                VL53LX_f_028
 .text.VL53LX_f_022
                0x00000000080138f8       0xb2 ./Drivers/TOF/core/src/vl53lx_hist_core.o
                0x00000000080138f8                VL53LX_f_022
 .text.VL53LX_f_018
                0x00000000080139aa      0x14a ./Drivers/TOF/core/src/vl53lx_hist_core.o
                0x00000000080139aa                VL53LX_f_018
 .text.VL53LX_f_019
                0x0000000008013af4       0x94 ./Drivers/TOF/core/src/vl53lx_hist_core.o
                0x0000000008013af4                VL53LX_f_019
 .text.VL53LX_f_005
                0x0000000008013b88      0x140 ./Drivers/TOF/core/src/vl53lx_hist_core.o
                0x0000000008013b88                VL53LX_f_005
 .text.VL53LX_f_030
                0x0000000008013cc8       0x8e ./Drivers/TOF/core/src/vl53lx_hist_core.o
                0x0000000008013cc8                VL53LX_f_030
 .text.VL53LX_f_031
                0x0000000008013d56      0x2ea ./Drivers/TOF/core/src/vl53lx_hist_core.o
                0x0000000008013d56                VL53LX_f_031
 .text.VL53LX_hist_process_data
                0x0000000008014040      0x426 ./Drivers/TOF/core/src/vl53lx_hist_funcs.o
                0x0000000008014040                VL53LX_hist_process_data
 .text.VL53LX_nvm_enable
                0x0000000008014466       0xcc ./Drivers/TOF/core/src/vl53lx_nvm.o
                0x0000000008014466                VL53LX_nvm_enable
 .text.VL53LX_nvm_read
                0x0000000008014532       0xbc ./Drivers/TOF/core/src/vl53lx_nvm.o
                0x0000000008014532                VL53LX_nvm_read
 .text.VL53LX_nvm_disable
                0x00000000080145ee       0x6c ./Drivers/TOF/core/src/vl53lx_nvm.o
                0x00000000080145ee                VL53LX_nvm_disable
 .text.VL53LX_nvm_decode_optical_centre
                0x000000000801465a       0x60 ./Drivers/TOF/core/src/vl53lx_nvm.o
                0x000000000801465a                VL53LX_nvm_decode_optical_centre
 .text.VL53LX_nvm_decode_cal_peak_rate_map
                0x00000000080146ba       0xac ./Drivers/TOF/core/src/vl53lx_nvm.o
                0x00000000080146ba                VL53LX_nvm_decode_cal_peak_rate_map
 .text.VL53LX_nvm_decode_additional_offset_cal_data
                0x0000000008014766       0x76 ./Drivers/TOF/core/src/vl53lx_nvm.o
                0x0000000008014766                VL53LX_nvm_decode_additional_offset_cal_data
 .text.VL53LX_nvm_decode_fmt_range_results_data
                0x00000000080147dc       0xc2 ./Drivers/TOF/core/src/vl53lx_nvm.o
                0x00000000080147dc                VL53LX_nvm_decode_fmt_range_results_data
 .text.VL53LX_read_nvm_raw_data
                0x000000000801489e       0x62 ./Drivers/TOF/core/src/vl53lx_nvm.o
                0x000000000801489e                VL53LX_read_nvm_raw_data
 .text.VL53LX_read_nvm_optical_centre
                0x0000000008014900       0x46 ./Drivers/TOF/core/src/vl53lx_nvm.o
                0x0000000008014900                VL53LX_read_nvm_optical_centre
 .text.VL53LX_read_nvm_cal_peak_rate_map
                0x0000000008014946       0x4c ./Drivers/TOF/core/src/vl53lx_nvm.o
                0x0000000008014946                VL53LX_read_nvm_cal_peak_rate_map
 .text.VL53LX_read_nvm_additional_offset_cal_data
                0x0000000008014992       0x46 ./Drivers/TOF/core/src/vl53lx_nvm.o
                0x0000000008014992                VL53LX_read_nvm_additional_offset_cal_data
 .text.VL53LX_read_nvm_fmt_range_results_data
                0x00000000080149d8       0x56 ./Drivers/TOF/core/src/vl53lx_nvm.o
                0x00000000080149d8                VL53LX_read_nvm_fmt_range_results_data
 .text.VL53LX_i2c_encode_static_nvm_managed
                0x0000000008014a2e       0xb6 ./Drivers/TOF/core/src/vl53lx_register_funcs.o
                0x0000000008014a2e                VL53LX_i2c_encode_static_nvm_managed
 .text.VL53LX_i2c_decode_static_nvm_managed
                0x0000000008014ae4       0xb4 ./Drivers/TOF/core/src/vl53lx_register_funcs.o
                0x0000000008014ae4                VL53LX_i2c_decode_static_nvm_managed
 .text.VL53LX_get_static_nvm_managed
                0x0000000008014b98       0x4e ./Drivers/TOF/core/src/vl53lx_register_funcs.o
                0x0000000008014b98                VL53LX_get_static_nvm_managed
 .text.VL53LX_i2c_encode_customer_nvm_managed
                0x0000000008014be6      0x114 ./Drivers/TOF/core/src/vl53lx_register_funcs.o
                0x0000000008014be6                VL53LX_i2c_encode_customer_nvm_managed
 .text.VL53LX_i2c_decode_customer_nvm_managed
                0x0000000008014cfa      0x11a ./Drivers/TOF/core/src/vl53lx_register_funcs.o
                0x0000000008014cfa                VL53LX_i2c_decode_customer_nvm_managed
 .text.VL53LX_get_customer_nvm_managed
                0x0000000008014e14       0x96 ./Drivers/TOF/core/src/vl53lx_register_funcs.o
                0x0000000008014e14                VL53LX_get_customer_nvm_managed
 .text.VL53LX_i2c_encode_static_config
                0x0000000008014eaa      0x1c6 ./Drivers/TOF/core/src/vl53lx_register_funcs.o
                0x0000000008014eaa                VL53LX_i2c_encode_static_config
 .text.VL53LX_i2c_encode_general_config
                0x0000000008015070      0x108 ./Drivers/TOF/core/src/vl53lx_register_funcs.o
                0x0000000008015070                VL53LX_i2c_encode_general_config
 .text.VL53LX_i2c_encode_timing_config
                0x0000000008015178      0x104 ./Drivers/TOF/core/src/vl53lx_register_funcs.o
                0x0000000008015178                VL53LX_i2c_encode_timing_config
 .text.VL53LX_i2c_encode_dynamic_config
                0x000000000801527c      0x10a ./Drivers/TOF/core/src/vl53lx_register_funcs.o
                0x000000000801527c                VL53LX_i2c_encode_dynamic_config
 .text.VL53LX_i2c_encode_system_control
                0x0000000008015386       0x76 ./Drivers/TOF/core/src/vl53lx_register_funcs.o
                0x0000000008015386                VL53LX_i2c_encode_system_control
 .text.VL53LX_set_system_control
                0x00000000080153fc       0x4e ./Drivers/TOF/core/src/vl53lx_register_funcs.o
                0x00000000080153fc                VL53LX_set_system_control
 .text.VL53LX_i2c_decode_system_results
                0x000000000801544a      0x1ec ./Drivers/TOF/core/src/vl53lx_register_funcs.o
                0x000000000801544a                VL53LX_i2c_decode_system_results
 .text.VL53LX_i2c_decode_core_results
                0x0000000008015636       0xc2 ./Drivers/TOF/core/src/vl53lx_register_funcs.o
                0x0000000008015636                VL53LX_i2c_decode_core_results
 .text.VL53LX_i2c_decode_debug_results
                0x00000000080156f8      0x2e4 ./Drivers/TOF/core/src/vl53lx_register_funcs.o
                0x00000000080156f8                VL53LX_i2c_decode_debug_results
 .text.VL53LX_i2c_decode_nvm_copy_data
                0x00000000080159dc      0x24c ./Drivers/TOF/core/src/vl53lx_register_funcs.o
                0x00000000080159dc                VL53LX_i2c_decode_nvm_copy_data
 .text.VL53LX_get_nvm_copy_data
                0x0000000008015c28       0x56 ./Drivers/TOF/core/src/vl53lx_register_funcs.o
                0x0000000008015c28                VL53LX_get_nvm_copy_data
 .text.VL53LX_f_023
                0x0000000008015c7e      0x6c6 ./Drivers/TOF/core/src/vl53lx_sigma_estimate.o
                0x0000000008015c7e                VL53LX_f_023
 .text.VL53LX_poll_for_boot_completion
                0x0000000008016344       0x58 ./Drivers/TOF/core/src/vl53lx_wait.o
                0x0000000008016344                VL53LX_poll_for_boot_completion
 .text.VL53LX_f_032
                0x000000000801639c      0x4e4 ./Drivers/TOF/core/src/vl53lx_xtalk.o
                0x000000000801639c                VL53LX_f_032
 .text.VL53LX_f_033
                0x0000000008016880      0x1d6 ./Drivers/TOF/core/src/vl53lx_xtalk.o
                0x0000000008016880                VL53LX_f_033
 *fill*         0x0000000008016a56        0x2 
 .text.TOF_SensorInit
                0x0000000008016a58       0xd4 ./Drivers/TOF/platform/src/TOF_driver.o
                0x0000000008016a58                TOF_SensorInit
 .text.TOF_Measurement
                0x0000000008016b2c      0x1c0 ./Drivers/TOF/platform/src/TOF_driver.o
                0x0000000008016b2c                TOF_Measurement
 .text._I2CWrite
                0x0000000008016cec       0x58 ./Drivers/TOF/platform/src/vl53lx_platform.o
                0x0000000008016cec                _I2CWrite
 .text._I2CRead
                0x0000000008016d44       0x5c ./Drivers/TOF/platform/src/vl53lx_platform.o
                0x0000000008016d44                _I2CRead
 .text.VL53LX_WriteMulti
                0x0000000008016da0       0x6c ./Drivers/TOF/platform/src/vl53lx_platform.o
                0x0000000008016da0                VL53LX_WriteMulti
 .text.VL53LX_ReadMulti
                0x0000000008016e0c       0x6c ./Drivers/TOF/platform/src/vl53lx_platform.o
                0x0000000008016e0c                VL53LX_ReadMulti
 .text.VL53LX_WrByte
                0x0000000008016e78       0x54 ./Drivers/TOF/platform/src/vl53lx_platform.o
                0x0000000008016e78                VL53LX_WrByte
 .text.VL53LX_WrWord
                0x0000000008016ecc       0x64 ./Drivers/TOF/platform/src/vl53lx_platform.o
                0x0000000008016ecc                VL53LX_WrWord
 .text.VL53LX_RdByte
                0x0000000008016f30       0x68 ./Drivers/TOF/platform/src/vl53lx_platform.o
                0x0000000008016f30                VL53LX_RdByte
 .text.VL53LX_RdWord
                0x0000000008016f98       0x80 ./Drivers/TOF/platform/src/vl53lx_platform.o
                0x0000000008016f98                VL53LX_RdWord
 .text.VL53LX_GetTickCount
                0x0000000008017018       0x24 ./Drivers/TOF/platform/src/vl53lx_platform.o
                0x0000000008017018                VL53LX_GetTickCount
 .text.VL53LX_WaitMs
                0x000000000801703c       0x1c ./Drivers/TOF/platform/src/vl53lx_platform.o
                0x000000000801703c                VL53LX_WaitMs
 .text.VL53LX_WaitUs
                0x0000000008017058       0x2c ./Drivers/TOF/platform/src/vl53lx_platform.o
                0x0000000008017058                VL53LX_WaitUs
 .text.VL53LX_WaitValueMaskEx
                0x0000000008017084      0x168 ./Drivers/TOF/platform/src/vl53lx_platform.o
                0x0000000008017084                VL53LX_WaitValueMaskEx
 .text.VL53LX_ipp_hist_process_data
                0x00000000080171ec       0x42 ./Drivers/TOF/platform/src/vl53lx_platform_ipp.o
                0x00000000080171ec                VL53LX_ipp_hist_process_data
 *fill*         0x000000000801722e        0x2 
 .text.std      0x0000000008017230       0x6c C:/ST/STM32CubeIDE_1.10.1/STM32CubeIDE/plugins/com.st.stm32cube.ide.mcu.externaltools.gnu-tools-for-stm32.11.3.rel1.win32_1.1.1.202309131626/tools/bin/../lib/gcc/arm-none-eabi/11.3.1/../../../../arm-none-eabi/lib/thumb/v7e-m+fp/hard\libc_nano.a(libc_a-findfp.o)
 .text.stdio_exit_handler
                0x000000000801729c       0x18 C:/ST/STM32CubeIDE_1.10.1/STM32CubeIDE/plugins/com.st.stm32cube.ide.mcu.externaltools.gnu-tools-for-stm32.11.3.rel1.win32_1.1.1.202309131626/tools/bin/../lib/gcc/arm-none-eabi/11.3.1/../../../../arm-none-eabi/lib/thumb/v7e-m+fp/hard\libc_nano.a(libc_a-findfp.o)
 .text.cleanup_stdio
                0x00000000080172b4       0x40 C:/ST/STM32CubeIDE_1.10.1/STM32CubeIDE/plugins/com.st.stm32cube.ide.mcu.externaltools.gnu-tools-for-stm32.11.3.rel1.win32_1.1.1.202309131626/tools/bin/../lib/gcc/arm-none-eabi/11.3.1/../../../../arm-none-eabi/lib/thumb/v7e-m+fp/hard\libc_nano.a(libc_a-findfp.o)
 .text.global_stdio_init.part.0
                0x00000000080172f4       0x3c C:/ST/STM32CubeIDE_1.10.1/STM32CubeIDE/plugins/com.st.stm32cube.ide.mcu.externaltools.gnu-tools-for-stm32.11.3.rel1.win32_1.1.1.202309131626/tools/bin/../lib/gcc/arm-none-eabi/11.3.1/../../../../arm-none-eabi/lib/thumb/v7e-m+fp/hard\libc_nano.a(libc_a-findfp.o)
 .text.__sfp_lock_acquire
                0x0000000008017330        0xc C:/ST/STM32CubeIDE_1.10.1/STM32CubeIDE/plugins/com.st.stm32cube.ide.mcu.externaltools.gnu-tools-for-stm32.11.3.rel1.win32_1.1.1.202309131626/tools/bin/../lib/gcc/arm-none-eabi/11.3.1/../../../../arm-none-eabi/lib/thumb/v7e-m+fp/hard\libc_nano.a(libc_a-findfp.o)
                0x0000000008017330                __sfp_lock_acquire
 .text.__sfp_lock_release
                0x000000000801733c        0xc C:/ST/STM32CubeIDE_1.10.1/STM32CubeIDE/plugins/com.st.stm32cube.ide.mcu.externaltools.gnu-tools-for-stm32.11.3.rel1.win32_1.1.1.202309131626/tools/bin/../lib/gcc/arm-none-eabi/11.3.1/../../../../arm-none-eabi/lib/thumb/v7e-m+fp/hard\libc_nano.a(libc_a-findfp.o)
                0x000000000801733c                __sfp_lock_release
 .text.__sinit  0x0000000008017348       0x30 C:/ST/STM32CubeIDE_1.10.1/STM32CubeIDE/plugins/com.st.stm32cube.ide.mcu.externaltools.gnu-tools-for-stm32.11.3.rel1.win32_1.1.1.202309131626/tools/bin/../lib/gcc/arm-none-eabi/11.3.1/../../../../arm-none-eabi/lib/thumb/v7e-m+fp/hard\libc_nano.a(libc_a-findfp.o)
                0x0000000008017348                __sinit
 .text._fwalk_sglue
                0x0000000008017378       0x3c C:/ST/STM32CubeIDE_1.10.1/STM32CubeIDE/plugins/com.st.stm32cube.ide.mcu.externaltools.gnu-tools-for-stm32.11.3.rel1.win32_1.1.1.202309131626/tools/bin/../lib/gcc/arm-none-eabi/11.3.1/../../../../arm-none-eabi/lib/thumb/v7e-m+fp/hard\libc_nano.a(libc_a-fwalk.o)
                0x0000000008017378                _fwalk_sglue
 .text.printf   0x00000000080173b4       0x24 C:/ST/STM32CubeIDE_1.10.1/STM32CubeIDE/plugins/com.st.stm32cube.ide.mcu.externaltools.gnu-tools-for-stm32.11.3.rel1.win32_1.1.1.202309131626/tools/bin/../lib/gcc/arm-none-eabi/11.3.1/../../../../arm-none-eabi/lib/thumb/v7e-m+fp/hard\libc_nano.a(libc_a-printf.o)
                0x00000000080173b4                iprintf
                0x00000000080173b4                printf
 .text._puts_r  0x00000000080173d8       0xa8 C:/ST/STM32CubeIDE_1.10.1/STM32CubeIDE/plugins/com.st.stm32cube.ide.mcu.externaltools.gnu-tools-for-stm32.11.3.rel1.win32_1.1.1.202309131626/tools/bin/../lib/gcc/arm-none-eabi/11.3.1/../../../../arm-none-eabi/lib/thumb/v7e-m+fp/hard\libc_nano.a(libc_a-puts.o)
                0x00000000080173d8                _puts_r
 .text.puts     0x0000000008017480       0x10 C:/ST/STM32CubeIDE_1.10.1/STM32CubeIDE/plugins/com.st.stm32cube.ide.mcu.externaltools.gnu-tools-for-stm32.11.3.rel1.win32_1.1.1.202309131626/tools/bin/../lib/gcc/arm-none-eabi/11.3.1/../../../../arm-none-eabi/lib/thumb/v7e-m+fp/hard\libc_nano.a(libc_a-puts.o)
                0x0000000008017480                puts
 .text.sprintf  0x0000000008017490       0x40 C:/ST/STM32CubeIDE_1.10.1/STM32CubeIDE/plugins/com.st.stm32cube.ide.mcu.externaltools.gnu-tools-for-stm32.11.3.rel1.win32_1.1.1.202309131626/tools/bin/../lib/gcc/arm-none-eabi/11.3.1/../../../../arm-none-eabi/lib/thumb/v7e-m+fp/hard\libc_nano.a(libc_a-sprintf.o)
                0x0000000008017490                siprintf
                0x0000000008017490                sprintf
 .text.__sread  0x00000000080174d0       0x22 C:/ST/STM32CubeIDE_1.10.1/STM32CubeIDE/plugins/com.st.stm32cube.ide.mcu.externaltools.gnu-tools-for-stm32.11.3.rel1.win32_1.1.1.202309131626/tools/bin/../lib/gcc/arm-none-eabi/11.3.1/../../../../arm-none-eabi/lib/thumb/v7e-m+fp/hard\libc_nano.a(libc_a-stdio.o)
                0x00000000080174d0                __sread
 .text.__swrite
                0x00000000080174f2       0x38 C:/ST/STM32CubeIDE_1.10.1/STM32CubeIDE/plugins/com.st.stm32cube.ide.mcu.externaltools.gnu-tools-for-stm32.11.3.rel1.win32_1.1.1.202309131626/tools/bin/../lib/gcc/arm-none-eabi/11.3.1/../../../../arm-none-eabi/lib/thumb/v7e-m+fp/hard\libc_nano.a(libc_a-stdio.o)
                0x00000000080174f2                __swrite
 .text.__sseek  0x000000000801752a       0x24 C:/ST/STM32CubeIDE_1.10.1/STM32CubeIDE/plugins/com.st.stm32cube.ide.mcu.externaltools.gnu-tools-for-stm32.11.3.rel1.win32_1.1.1.202309131626/tools/bin/../lib/gcc/arm-none-eabi/11.3.1/../../../../arm-none-eabi/lib/thumb/v7e-m+fp/hard\libc_nano.a(libc_a-stdio.o)
                0x000000000801752a                __sseek
 .text.__sclose
                0x000000000801754e        0x8 C:/ST/STM32CubeIDE_1.10.1/STM32CubeIDE/plugins/com.st.stm32cube.ide.mcu.externaltools.gnu-tools-for-stm32.11.3.rel1.win32_1.1.1.202309131626/tools/bin/../lib/gcc/arm-none-eabi/11.3.1/../../../../arm-none-eabi/lib/thumb/v7e-m+fp/hard\libc_nano.a(libc_a-stdio.o)
                0x000000000801754e                __sclose
 .text._vsnprintf_r
                0x0000000008017556       0x56 C:/ST/STM32CubeIDE_1.10.1/STM32CubeIDE/plugins/com.st.stm32cube.ide.mcu.externaltools.gnu-tools-for-stm32.11.3.rel1.win32_1.1.1.202309131626/tools/bin/../lib/gcc/arm-none-eabi/11.3.1/../../../../arm-none-eabi/lib/thumb/v7e-m+fp/hard\libc_nano.a(libc_a-vsnprintf.o)
                0x0000000008017556                _vsniprintf_r
                0x0000000008017556                _vsnprintf_r
 .text.vsnprintf
                0x00000000080175ac       0x1c C:/ST/STM32CubeIDE_1.10.1/STM32CubeIDE/plugins/com.st.stm32cube.ide.mcu.externaltools.gnu-tools-for-stm32.11.3.rel1.win32_1.1.1.202309131626/tools/bin/../lib/gcc/arm-none-eabi/11.3.1/../../../../arm-none-eabi/lib/thumb/v7e-m+fp/hard\libc_nano.a(libc_a-vsnprintf.o)
                0x00000000080175ac                vsniprintf
                0x00000000080175ac                vsnprintf
 .text.__swbuf_r
                0x00000000080175c8       0x7a C:/ST/STM32CubeIDE_1.10.1/STM32CubeIDE/plugins/com.st.stm32cube.ide.mcu.externaltools.gnu-tools-for-stm32.11.3.rel1.win32_1.1.1.202309131626/tools/bin/../lib/gcc/arm-none-eabi/11.3.1/../../../../arm-none-eabi/lib/thumb/v7e-m+fp/hard\libc_nano.a(libc_a-wbuf.o)
                0x00000000080175c8                __swbuf_r
 *fill*         0x0000000008017642        0x2 
 .text.__swsetup_r
                0x0000000008017644       0xb0 C:/ST/STM32CubeIDE_1.10.1/STM32CubeIDE/plugins/com.st.stm32cube.ide.mcu.externaltools.gnu-tools-for-stm32.11.3.rel1.win32_1.1.1.202309131626/tools/bin/../lib/gcc/arm-none-eabi/11.3.1/../../../../arm-none-eabi/lib/thumb/v7e-m+fp/hard\libc_nano.a(libc_a-wsetup.o)
                0x0000000008017644                __swsetup_r
 .text.memset   0x00000000080176f4       0x10 C:/ST/STM32CubeIDE_1.10.1/STM32CubeIDE/plugins/com.st.stm32cube.ide.mcu.externaltools.gnu-tools-for-stm32.11.3.rel1.win32_1.1.1.202309131626/tools/bin/../lib/gcc/arm-none-eabi/11.3.1/../../../../arm-none-eabi/lib/thumb/v7e-m+fp/hard\libc_nano.a(libc_a-memset.o)
                0x00000000080176f4                memset
 .text.strncpy  0x0000000008017704       0x26 C:/ST/STM32CubeIDE_1.10.1/STM32CubeIDE/plugins/com.st.stm32cube.ide.mcu.externaltools.gnu-tools-for-stm32.11.3.rel1.win32_1.1.1.202309131626/tools/bin/../lib/gcc/arm-none-eabi/11.3.1/../../../../arm-none-eabi/lib/thumb/v7e-m+fp/hard\libc_nano.a(libc_a-strncpy.o)
                0x0000000008017704                strncpy
 *fill*         0x000000000801772a        0x2 
 .text._close_r
                0x000000000801772c       0x20 C:/ST/STM32CubeIDE_1.10.1/STM32CubeIDE/plugins/com.st.stm32cube.ide.mcu.externaltools.gnu-tools-for-stm32.11.3.rel1.win32_1.1.1.202309131626/tools/bin/../lib/gcc/arm-none-eabi/11.3.1/../../../../arm-none-eabi/lib/thumb/v7e-m+fp/hard\libc_nano.a(libc_a-closer.o)
                0x000000000801772c                _close_r
 .text._lseek_r
                0x000000000801774c       0x24 C:/ST/STM32CubeIDE_1.10.1/STM32CubeIDE/plugins/com.st.stm32cube.ide.mcu.externaltools.gnu-tools-for-stm32.11.3.rel1.win32_1.1.1.202309131626/tools/bin/../lib/gcc/arm-none-eabi/11.3.1/../../../../arm-none-eabi/lib/thumb/v7e-m+fp/hard\libc_nano.a(libc_a-lseekr.o)
                0x000000000801774c                _lseek_r
 .text._read_r  0x0000000008017770       0x24 C:/ST/STM32CubeIDE_1.10.1/STM32CubeIDE/plugins/com.st.stm32cube.ide.mcu.externaltools.gnu-tools-for-stm32.11.3.rel1.win32_1.1.1.202309131626/tools/bin/../lib/gcc/arm-none-eabi/11.3.1/../../../../arm-none-eabi/lib/thumb/v7e-m+fp/hard\libc_nano.a(libc_a-readr.o)
                0x0000000008017770                _read_r
 .text._write_r
                0x0000000008017794       0x24 C:/ST/STM32CubeIDE_1.10.1/STM32CubeIDE/plugins/com.st.stm32cube.ide.mcu.externaltools.gnu-tools-for-stm32.11.3.rel1.win32_1.1.1.202309131626/tools/bin/../lib/gcc/arm-none-eabi/11.3.1/../../../../arm-none-eabi/lib/thumb/v7e-m+fp/hard\libc_nano.a(libc_a-writer.o)
                0x0000000008017794                _write_r
 .text.__errno  0x00000000080177b8        0xc C:/ST/STM32CubeIDE_1.10.1/STM32CubeIDE/plugins/com.st.stm32cube.ide.mcu.externaltools.gnu-tools-for-stm32.11.3.rel1.win32_1.1.1.202309131626/tools/bin/../lib/gcc/arm-none-eabi/11.3.1/../../../../arm-none-eabi/lib/thumb/v7e-m+fp/hard\libc_nano.a(libc_a-errno.o)
                0x00000000080177b8                __errno
 .text.__libc_init_array