../Drivers/IO_Expander/src/ioExpander.c:23:12:i2cWrite	32	static
../Drivers/IO_Expander/src/ioExpander.c:39:12:i2cRead	24	static
../Drivers/IO_Expander/src/ioExpander.c:57:6:ioExp_initPin	24	static
../Drivers/IO_Expander/src/ioExpander.c:73:6:ioExp_writePin	24	static
../Drivers/IO_Expander/src/ioExpander.c:89:9:ioExp_readPin	24	static
../Drivers/IO_Expander/src/ioExpander.c:100:9:ioExp_readOutputs	16	static
../Drivers/IO_Expander/src/ioExpander.c:108:6:ioExp_writeOutputs	16	static
../Drivers/IO_Expander/src/ioExpander.c:116:6:ioExp_init	16	static
../Drivers/IO_Expander/src/ioExpander.c:154:6:toggleFrontLEDs	8	static
../Drivers/IO_Expander/src/ioExpander.c:168:6:toggleRearLEDs	8	static
